Archive member included because of file (symbol)

c:/freescale/kds_v3/toolchain/bin/../lib/gcc/arm-none-eabi/4.8.4/armv6-m\libgcc.a(_udivsi3.o)
                              ./Generated_Code/GI2C1.o (__aeabi_uidiv)
c:/freescale/kds_v3/toolchain/bin/../lib/gcc/arm-none-eabi/4.8.4/armv6-m\libgcc.a(_divsi3.o)
                              ./Generated_Code/SEGGER_RTT_printf.o (__aeabi_idiv)
c:/freescale/kds_v3/toolchain/bin/../lib/gcc/arm-none-eabi/4.8.4/armv6-m\libgcc.a(_dvmd_tls.o)
                              c:/freescale/kds_v3/toolchain/bin/../lib/gcc/arm-none-eabi/4.8.4/armv6-m\libgcc.a(_udivsi3.o) (__aeabi_idiv0)
c:/freescale/kds_v3/toolchain/bin/../lib/gcc/arm-none-eabi/4.8.4/armv6-m\libgcc.a(_arm_cmpsf2.o)
                              ./Generated_Code/UTIL1.o (__aeabi_fcmplt)
c:/freescale/kds_v3/toolchain/bin/../lib/gcc/arm-none-eabi/4.8.4/armv6-m\libgcc.a(_aeabi_ldivmod.o)
                              ./Generated_Code/UTIL1.o (__aeabi_ldivmod)
c:/freescale/kds_v3/toolchain/bin/../lib/gcc/arm-none-eabi/4.8.4/armv6-m\libgcc.a(_muldi3.o)
                              ./Generated_Code/UTIL1.o (__aeabi_lmul)
c:/freescale/kds_v3/toolchain/bin/../lib/gcc/arm-none-eabi/4.8.4/armv6-m\libgcc.a(_fixunssfsi.o)
                              ./Generated_Code/UTIL1.o (__aeabi_f2uiz)
c:/freescale/kds_v3/toolchain/bin/../lib/gcc/arm-none-eabi/4.8.4/armv6-m\libgcc.a(bpabi.o)
                              c:/freescale/kds_v3/toolchain/bin/../lib/gcc/arm-none-eabi/4.8.4/armv6-m\libgcc.a(_aeabi_ldivmod.o) (__gnu_ldivmod_helper)
c:/freescale/kds_v3/toolchain/bin/../lib/gcc/arm-none-eabi/4.8.4/armv6-m\libgcc.a(eqsf2.o)
                              c:/freescale/kds_v3/toolchain/bin/../lib/gcc/arm-none-eabi/4.8.4/armv6-m\libgcc.a(_arm_cmpsf2.o) (__eqsf2)
c:/freescale/kds_v3/toolchain/bin/../lib/gcc/arm-none-eabi/4.8.4/armv6-m\libgcc.a(gesf2.o)
                              c:/freescale/kds_v3/toolchain/bin/../lib/gcc/arm-none-eabi/4.8.4/armv6-m\libgcc.a(_arm_cmpsf2.o) (__gesf2)
c:/freescale/kds_v3/toolchain/bin/../lib/gcc/arm-none-eabi/4.8.4/armv6-m\libgcc.a(lesf2.o)
                              c:/freescale/kds_v3/toolchain/bin/../lib/gcc/arm-none-eabi/4.8.4/armv6-m\libgcc.a(_arm_cmpsf2.o) (__lesf2)
c:/freescale/kds_v3/toolchain/bin/../lib/gcc/arm-none-eabi/4.8.4/armv6-m\libgcc.a(mulsf3.o)
                              ./Generated_Code/UTIL1.o (__aeabi_fmul)
c:/freescale/kds_v3/toolchain/bin/../lib/gcc/arm-none-eabi/4.8.4/armv6-m\libgcc.a(subsf3.o)
                              ./Generated_Code/UTIL1.o (__aeabi_fsub)
c:/freescale/kds_v3/toolchain/bin/../lib/gcc/arm-none-eabi/4.8.4/armv6-m\libgcc.a(fixsfsi.o)
                              ./Generated_Code/UTIL1.o (__aeabi_f2iz)
c:/freescale/kds_v3/toolchain/bin/../lib/gcc/arm-none-eabi/4.8.4/armv6-m\libgcc.a(floatunsisf.o)
                              ./Generated_Code/UTIL1.o (__aeabi_ui2f)
c:/freescale/kds_v3/toolchain/bin/../lib/gcc/arm-none-eabi/4.8.4/armv6-m\libgcc.a(_clzsi2.o)
                              c:/freescale/kds_v3/toolchain/bin/../lib/gcc/arm-none-eabi/4.8.4/armv6-m\libgcc.a(mulsf3.o) (__clzsi2)
c:/freescale/kds_v3/toolchain/bin/../lib/gcc/arm-none-eabi/4.8.4/armv6-m\libgcc.a(_divdi3.o)
                              c:/freescale/kds_v3/toolchain/bin/../lib/gcc/arm-none-eabi/4.8.4/armv6-m\libgcc.a(bpabi.o) (__divdi3)
c:/freescale/kds_v3/toolchain/bin/../lib/gcc/arm-none-eabi/4.8.4/armv6-m\libgcc.a(_udivdi3.o)
                              c:/freescale/kds_v3/toolchain/bin/../lib/gcc/arm-none-eabi/4.8.4/armv6-m\libgcc.a(bpabi.o) (__udivdi3)
c:/freescale/kds_v3/toolchain/bin/../lib/gcc/arm-none-eabi/4.8.4/../../../../arm-none-eabi/lib/armv6-m\libg_s.a(lib_a-exit.o)
                              c:/freescale/kds_v3/toolchain/bin/../lib/gcc/arm-none-eabi/4.8.4/../../../../arm-none-eabi/lib/armv6-m/crt0.o (exit)
c:/freescale/kds_v3/toolchain/bin/../lib/gcc/arm-none-eabi/4.8.4/../../../../arm-none-eabi/lib/armv6-m\libg_s.a(lib_a-impure.o)
                              c:/freescale/kds_v3/toolchain/bin/../lib/gcc/arm-none-eabi/4.8.4/../../../../arm-none-eabi/lib/armv6-m\libg_s.a(lib_a-exit.o) (_global_impure_ptr)
c:/freescale/kds_v3/toolchain/bin/../lib/gcc/arm-none-eabi/4.8.4/../../../../arm-none-eabi/lib/armv6-m\libg_s.a(lib_a-init.o)
                              c:/freescale/kds_v3/toolchain/bin/../lib/gcc/arm-none-eabi/4.8.4/../../../../arm-none-eabi/lib/armv6-m/crt0.o (__libc_init_array)
c:/freescale/kds_v3/toolchain/bin/../lib/gcc/arm-none-eabi/4.8.4/../../../../arm-none-eabi/lib/armv6-m\libg_s.a(lib_a-memcpy-stub.o)
                              ./Generated_Code/SEGGER_RTT.o (memcpy)
c:/freescale/kds_v3/toolchain/bin/../lib/gcc/arm-none-eabi/4.8.4/../../../../arm-none-eabi/lib/armv6-m\libg_s.a(lib_a-memset.o)
                              c:/freescale/kds_v3/toolchain/bin/../lib/gcc/arm-none-eabi/4.8.4/../../../../arm-none-eabi/lib/armv6-m/crt0.o (memset)
[...]
Memory Configuration

Name             Origin             Length             Attributes
m_interrupts     0x00000000         0x000000c0         xr
m_text           0x00000410         0x0001fbf0         xr
m_data           0x1ffff000         0x00004000         rw
m_cfmprotrom     0x00000400         0x00000010         xr
*default*        0x00000000         0xffffffff

Linker script and memory map

LOAD c:/freescale/kds_v3/toolchain/bin/../lib/gcc/arm-none-eabi/4.8.4/armv6-m/crti.o
LOAD c:/freescale/kds_v3/toolchain/bin/../lib/gcc/arm-none-eabi/4.8.4/armv6-m/crtbegin.o
LOAD c:/freescale/kds_v3/toolchain/bin/../lib/gcc/arm-none-eabi/4.8.4/../../../../arm-none-eabi/lib/armv6-m/crt0.o
LOAD ./Sources/Application.o
LOAD ./Sources/Events.o
LOAD ./Sources/SensorData.o
LOAD ./Sources/Shell.o
LOAD ./Sources/main.o
LOAD ./Project_Settings/Startup_Code/startup.o
LOAD ./Generated_Code/AD1.o
LOAD ./Generated_Code/AS1.o
LOAD ./Generated_Code/ASerialLdd1.o
LOAD ./Generated_Code/AdcLdd1.o
LOAD ./Generated_Code/Bit1.o
LOAD ./Generated_Code/Bit2.o
LOAD ./Generated_Code/Bit3.o
LOAD ./Generated_Code/Bit4.o
LOAD ./Generated_Code/BitIoLdd1.o
LOAD ./Generated_Code/BitIoLdd2.o
LOAD ./Generated_Code/BitIoLdd3.o
LOAD ./Generated_Code/BitIoLdd4.o
LOAD ./Generated_Code/CI2C1.o
LOAD ./Generated_Code/CLS1.o
LOAD ./Generated_Code/CS1.o
LOAD ./Generated_Code/Cpu.o
LOAD ./Generated_Code/EE241.o
LOAD ./Generated_Code/FRTOS1.o
LOAD ./Generated_Code/GI2C1.o
LOAD ./Generated_Code/MCUC1.o
LOAD ./Generated_Code/PE_LDD.o
LOAD ./Generated_Code/RTT1.o
LOAD ./Generated_Code/RTT_Syscalls_GCC.o
LOAD ./Generated_Code/SEGGER_RTT.o
LOAD ./Generated_Code/SEGGER_RTT_printf.o
LOAD ./Generated_Code/UTIL1.o
LOAD ./Generated_Code/Vectors.o
LOAD ./Generated_Code/WAIT1.o
LOAD ./Generated_Code/XF1.o
LOAD ./Generated_Code/croutine.o
LOAD ./Generated_Code/event_groups.o
LOAD ./Generated_Code/heap_1.o
LOAD ./Generated_Code/heap_2.o
LOAD ./Generated_Code/heap_3.o
LOAD ./Generated_Code/heap_4.o
LOAD ./Generated_Code/heap_5.o
LOAD ./Generated_Code/heap_useNewlib.o
LOAD ./Generated_Code/list.o
LOAD ./Generated_Code/mpu_wrappers.o
LOAD ./Generated_Code/port.o
LOAD ./Generated_Code/queue.o
LOAD ./Generated_Code/tasks.o
LOAD ./Generated_Code/timers.o
LOAD c:/freescale/kds_v3/toolchain/bin/../lib/gcc/arm-none-eabi/4.8.4/../../../../arm-none-eabi/lib/armv6-m\libstdc++_s.a
LOAD c:/freescale/kds_v3/toolchain/bin/../lib/gcc/arm-none-eabi/4.8.4/../../../../arm-none-eabi/lib/armv6-m\libm.a
START GROUP
LOAD c:/freescale/kds_v3/toolchain/bin/../lib/gcc/arm-none-eabi/4.8.4/armv6-m\libgcc.a
LOAD c:/freescale/kds_v3/toolchain/bin/../lib/gcc/arm-none-eabi/4.8.4/../../../../arm-none-eabi/lib/armv6-m\libg_s.a
LOAD c:/freescale/kds_v3/toolchain/bin/../lib/gcc/arm-none-eabi/4.8.4/../../../../arm-none-eabi/lib/armv6-m\libc_s.a
END GROUP
START GROUP
LOAD c:/freescale/kds_v3/toolchain/bin/../lib/gcc/arm-none-eabi/4.8.4/armv6-m\libgcc.a
LOAD c:/freescale/kds_v3/toolchain/bin/../lib/gcc/arm-none-eabi/4.8.4/../../../../arm-none-eabi/lib/armv6-m\libc_s.a
LOAD c:/freescale/kds_v3/toolchain/bin/../lib/gcc/arm-none-eabi/4.8.4/../../../../arm-none-eabi/lib/armv6-m\libnosys.a
END GROUP
START GROUP
LOAD c:/freescale/kds_v3/toolchain/bin/../lib/gcc/arm-none-eabi/4.8.4/armv6-m\libgcc.a
LOAD c:/freescale/kds_v3/toolchain/bin/../lib/gcc/arm-none-eabi/4.8.4/../../../../arm-none-eabi/lib/armv6-m\libc_s.a
LOAD c:/freescale/kds_v3/toolchain/bin/../lib/gcc/arm-none-eabi/4.8.4/../../../../arm-none-eabi/lib/armv6-m\libnosys.a
END GROUP
LOAD c:/freescale/kds_v3/toolchain/bin/../lib/gcc/arm-none-eabi/4.8.4/armv6-m/crtend.o
LOAD c:/freescale/kds_v3/toolchain/bin/../lib/gcc/arm-none-eabi/4.8.4/armv6-m/crtn.o
                0x20003000                _estack = 0x20003000
                0x20003000                __SP_INIT = _estack
                0x20003000                __stack = _estack
                0x00000000                __heap_size = 0x0
                0x00000400                __stack_size = 0x400

.interrupts     0x00000000       0xc0
                0x00000000                __vector_table = .
                0x00000000                . = ALIGN (0x4)
 *(.vectortable)
 .vectortable   0x00000000       0xc0 ./Generated_Code/Vectors.o
                0x00000000                __vect_table
                0x000000c0                . = ALIGN (0x4)

.cfmprotect     0x00000400       0x10
                0x00000400                . = ALIGN (0x4)
 *(.cfmconfig)
 .cfmconfig     0x00000400       0x10 ./Generated_Code/Cpu.o
                0x00000400                _cfm
                0x00000410                . = ALIGN (0x4)

.text           0x00000410     0x6220
                0x00000410                . = ALIGN (0x4)
 *(.text)
 .text          0x00000410       0x60 c:/freescale/kds_v3/toolchain/bin/../lib/gcc/arm-none-eabi/4.8.4/armv6-m/crtbegin.o
 .text          0x00000470       0x78 c:/freescale/kds_v3/toolchain/bin/../lib/gcc/arm-none-eabi/4.8.4/../../../../arm-none-eabi/lib/armv6-m/crt0.o
                0x00000470                _start
                0x00000470                _mainCRTStartup
 .text          0x000004e8       0x9c c:/freescale/kds_v3/toolchain/bin/../lib/gcc/arm-none-eabi/4.8.4/armv6-m\libgcc.a(_udivsi3.o)
                0x000004e8                __aeabi_uidiv
                0x000004e8                __udivsi3
                0x00000570                __aeabi_uidivmod
 .text          0x00000584       0xc0 c:/freescale/kds_v3/toolchain/bin/../lib/gcc/arm-none-eabi/4.8.4/armv6-m\libgcc.a(_divsi3.o)
                0x00000584                __divsi3
                0x00000584                __aeabi_idiv
                0x00000630                __aeabi_idivmod
 .text          0x00000644        0x4 c:/freescale/kds_v3/toolchain/bin/../lib/gcc/arm-none-eabi/4.8.4/armv6-m\libgcc.a(_dvmd_tls.o)
                0x00000644                __aeabi_idiv0
                0x00000644                __aeabi_ldiv0
 .text          0x00000648       0x14 c:/freescale/kds_v3/toolchain/bin/../lib/gcc/arm-none-eabi/4.8.4/../../../../arm-none-eabi/lib/armv6-m\libg_s.a(lib_a-strcmp.o)
                0x00000648                strcmp
 *(.text*)
 .text.App_SelectChannel
                0x0000065c       0x8c ./Sources/Application.o
                0x0000065c                App_SelectChannel
 .text.App_GetValue
                0x000006e8       0x44 ./Sources/Application.o
                0x000006e8                App_GetValue
 .text.App_PrintChannelValue
                0x0000072c       0x70 ./Sources/Application.o
                0x0000072c                App_PrintChannelValue
 .text.App_IterateChannels
                0x0000079c       0x64 ./Sources/Application.o
                0x0000079c                App_IterateChannels
 .text.APP_PrintHelp
                0x00000800       0x7c ./Sources/Application.o
 .text.APP_PrintStatus
                0x0000087c       0x6c ./Sources/Application.o
 .text.APP_ParseCommand
                0x000008e8      0x178 ./Sources/Application.o
                0x000008e8                APP_ParseCommand
 .text.Cpu_OnNMIINT
                0x00000a60        0x8 ./Sources/Events.o
                0x00000a60                Cpu_OnNMIINT
 .text.FRTOS1_vApplicationStackOverflowHook
                0x00000a68       0x10 ./Sources/Events.o
                0x00000a68                FRTOS1_vApplicationStackOverflowHook
 .text.FRTOS1_vApplicationTickHook
                0x00000a78        0x8 ./Sources/Events.o
                0x00000a78                FRTOS1_vApplicationTickHook
 .text.FRTOS1_vApplicationIdleHook
                0x00000a80        0x8 ./Sources/Events.o
                0x00000a80                FRTOS1_vApplicationIdleHook
 .text.FRTOS1_vApplicationMallocFailedHook
                0x00000a88        0x8 ./Sources/Events.o
                0x00000a88                FRTOS1_vApplicationMallocFailedHook
 .text.AD1_OnEnd
                0x00000a90        0x8 ./Sources/Events.o
                0x00000a90                AD1_OnEnd
 .text.AD1_OnCalibrationEnd
                0x00000a98        0x8 ./Sources/Events.o
                0x00000a98                AD1_OnCalibrationEnd
 .text.UART_KeyPressed
                0x00000aa0       0x18 ./Sources/Shell.o
 .text.UART_SendChar
                0x00000ab8       0x24 ./Sources/Shell.o
 .text.UART_ReceiveChar
                0x00000adc       0x24 ./Sources/Shell.o
 .text.SHELL_SendChar
                0x00000b00       0x28 ./Sources/Shell.o
 .text.SHELL_ReadChar
                0x00000b28       0x4c ./Sources/Shell.o
 .text.SHELL_KeyPressed
                0x00000b74       0x34 ./Sources/Shell.o
 .text.SHELL_GetStdio
                0x00000ba8       0x10 ./Sources/Shell.o
                0x00000ba8                SHELL_GetStdio
 .text.SHELL_SendString
                0x00000bb8       0x20 ./Sources/Shell.o
                0x00000bb8                SHELL_SendString
 .text.SHELL_PrintHelp
                0x00000bd8       0x60 ./Sources/Shell.o
 .text.SHELL_PrintStatus
                0x00000c38       0x6c ./Sources/Shell.o
 .text.SHELL_ParseCommand
                0x00000ca4       0xdc ./Sources/Shell.o
 .text.ShellTask
                0x00000d80       0x9c ./Sources/Shell.o
 .text.SHELL_Init
                0x00000e1c       0x44 ./Sources/Shell.o
                0x00000e1c                SHELL_Init
 .text.main     0x00000e60       0x14 ./Sources/main.o
                0x00000e60                main
 .text.__copy_rom_section
                0x00000e74       0xd8 ./Project_Settings/Startup_Code/startup.o
                0x00000e74                __copy_rom_section
 .text.__copy_rom_sections_to_ram
                0x00000f4c       0x98 ./Project_Settings/Startup_Code/startup.o
                0x00000f4c                __copy_rom_sections_to_ram
 .text.__init_registers
                0x00000fe4        0x8 ./Project_Settings/Startup_Code/startup.o
                0x00000fe4                __init_registers
 .text.__init_user
                0x00000fec        0x8 ./Project_Settings/Startup_Code/startup.o
                0x00000fec                __init_user
 .text.__thumb_startup
                0x00000ff4       0x30 ./Project_Settings/Startup_Code/startup.o
                0x00000ff4                __thumb_startup
 .text.AD1_HWEnDi
                0x00001024       0x48 ./Generated_Code/AD1.o
                0x00001024                AD1_HWEnDi
 .text.AD1_Measure
                0x0000106c       0x48 ./Generated_Code/AD1.o
                0x0000106c                AD1_Measure
 .text.AD1_GetValue16
                0x000010b4       0x34 ./Generated_Code/AD1.o
                0x000010b4                AD1_GetValue16
 .text.AdcLdd1_OnMeasurementComplete
                0x000010e8       0x5c ./Generated_Code/AD1.o
                0x000010e8                AdcLdd1_OnMeasurementComplete
 .text.AD1_Init
                0x00001144       0x2c ./Generated_Code/AD1.o
                0x00001144                AD1_Init
 .text.HWEnDi   0x00001170       0x20 ./Generated_Code/AS1.o
 .text.AS1_RecvChar
                0x00001190       0x8c ./Generated_Code/AS1.o
                0x00001190                AS1_RecvChar
 .text.AS1_SendChar
                0x0000121c       0x68 ./Generated_Code/AS1.o
                0x0000121c                AS1_SendChar
 .text.AS1_GetCharsInRxBuf
                0x00001284       0x24 ./Generated_Code/AS1.o
                0x00001284                AS1_GetCharsInRxBuf
 .text.AS1_Init
                0x000012a8       0x28 ./Generated_Code/AS1.o
                0x000012a8                AS1_Init
 .text.ASerialLdd1_OnBreak
                0x000012d0       0x20 ./Generated_Code/AS1.o
                0x000012d0                ASerialLdd1_OnBreak
 .text.ASerialLdd1_Init
                0x000012f0      0x170 ./Generated_Code/ASerialLdd1.o
                0x000012f0                ASerialLdd1_Init
 .text.ASerialLdd1_ReceiveBlock
                0x00001460       0x48 ./Generated_Code/ASerialLdd1.o
                0x00001460                ASerialLdd1_ReceiveBlock
 .text.ASerialLdd1_SendBlock
                0x000014a8       0x58 ./Generated_Code/ASerialLdd1.o
                0x000014a8                ASerialLdd1_SendBlock
 .text.ASerialLdd1_GetReceivedDataNum
                0x00001500       0x18 ./Generated_Code/ASerialLdd1.o
                0x00001500                ASerialLdd1_GetReceivedDataNum
 .text.InterruptRx
                0x00001518       0x50 ./Generated_Code/ASerialLdd1.o
 .text.InterruptTx
                0x00001568       0x5c ./Generated_Code/ASerialLdd1.o
 .text.ASerialLdd1_Main
                0x000015c4       0xdc ./Generated_Code/ASerialLdd1.o
                0x000015c4                ASerialLdd1_Main
 .text.ASerialLdd1_GetError
                0x000016a0       0x28 ./Generated_Code/ASerialLdd1.o
                0x000016a0                ASerialLdd1_GetError
 .text.AdcLdd1_Init
                0x000016c8       0xb8 ./Generated_Code/AdcLdd1.o
                0x000016c8                AdcLdd1_Init
 .text.AdcLdd1_StartSingleMeasurement
                0x00001780       0x44 ./Generated_Code/AdcLdd1.o
                0x00001780                AdcLdd1_StartSingleMeasurement
 .text.AdcLdd1_CreateSampleGroup
                0x000017c4       0x64 ./Generated_Code/AdcLdd1.o
                0x000017c4                AdcLdd1_CreateSampleGroup
 .text.AdcLdd1_GetMeasuredValues
                0x00001828       0x60 ./Generated_Code/AdcLdd1.o
                0x00001828                AdcLdd1_GetMeasuredValues
 .text.AdcLdd1_GetCalibrationResultStatus
                0x00001888       0xb8 ./Generated_Code/AdcLdd1.o
                0x00001888                AdcLdd1_GetCalibrationResultStatus
 .text.AdcLdd1_MeasurementCompleteInterrupt
                0x00001940       0x30 ./Generated_Code/AdcLdd1.o
                0x00001940                AdcLdd1_MeasurementCompleteInterrupt
 .text.BitIoLdd1_Init
                0x00001970       0x60 ./Generated_Code/BitIoLdd1.o
                0x00001970                BitIoLdd1_Init
 .text.BitIoLdd1_PutVal
                0x000019d0       0x30 ./Generated_Code/BitIoLdd1.o
                0x000019d0                BitIoLdd1_PutVal
 .text.BitIoLdd2_Init
                0x00001a00       0x60 ./Generated_Code/BitIoLdd2.o
                0x00001a00                BitIoLdd2_Init
 .text.BitIoLdd2_PutVal
                0x00001a60       0x30 ./Generated_Code/BitIoLdd2.o
                0x00001a60                BitIoLdd2_PutVal
 .text.BitIoLdd3_Init
                0x00001a90       0x60 ./Generated_Code/BitIoLdd3.o
                0x00001a90                BitIoLdd3_Init
 .text.BitIoLdd3_PutVal
                0x00001af0       0x30 ./Generated_Code/BitIoLdd3.o
                0x00001af0                BitIoLdd3_PutVal
 .text.BitIoLdd4_Init
                0x00001b20       0x60 ./Generated_Code/BitIoLdd4.o
                0x00001b20                BitIoLdd4_Init
 .text.BitIoLdd4_PutVal
                0x00001b80       0x30 ./Generated_Code/BitIoLdd4.o
                0x00001b80                BitIoLdd4_PutVal
 .text.CI2C1_Interrupt
                0x00001bb0      0x278 ./Generated_Code/CI2C1.o
                0x00001bb0                CI2C1_Interrupt
 .text.CI2C1_Init
                0x00001e28      0x114 ./Generated_Code/CI2C1.o
                0x00001e28                CI2C1_Init
 .text.CI2C1_MasterSendBlock
                0x00001f3c      0x19c ./Generated_Code/CI2C1.o
                0x00001f3c                CI2C1_MasterSendBlock
 .text.CI2C1_MasterReceiveBlock
                0x000020d8      0x19c ./Generated_Code/CI2C1.o
                0x000020d8                CI2C1_MasterReceiveBlock
 .text.CI2C1_SelectSlaveDevice
                0x00002274      0x100 ./Generated_Code/CI2C1.o
                0x00002274                CI2C1_SelectSlaveDevice
 .text.CLS1_SendStr
                0x00002374       0x30 ./Generated_Code/CLS1.o
                0x00002374                CLS1_SendStr
 .text.CLS1_SendNum16u
                0x000023a4       0x34 ./Generated_Code/CLS1.o
                0x000023a4                CLS1_SendNum16u
 .text.CLS1_SendNum8u
                0x000023d8       0x34 ./Generated_Code/CLS1.o
                0x000023d8                CLS1_SendNum8u
 .text.CLS1_ParseCommand
                0x0000240c      0x12c ./Generated_Code/CLS1.o
                0x0000240c                CLS1_ParseCommand
 .text.CLS1_PrintPrompt
                0x00002538       0x20 ./Generated_Code/CLS1.o
                0x00002538                CLS1_PrintPrompt
 .text.CLS1_IsHistoryCharacter
                0x00002558       0x24 ./Generated_Code/CLS1.o
                0x00002558                CLS1_IsHistoryCharacter
 .text.CLS1_ReadLine
                0x0000257c       0xf8 ./Generated_Code/CLS1.o
                0x0000257c                CLS1_ReadLine
 .text.CLS1_PrintStatus
                0x00002674       0x78 ./Generated_Code/CLS1.o
                0x00002674                CLS1_PrintStatus
 .text.CLS1_PrintCommandFailed
                0x000026ec       0x78 ./Generated_Code/CLS1.o
                0x000026ec                CLS1_PrintCommandFailed
 .text.CLS1_IterateTable
                0x00002764       0x64 ./Generated_Code/CLS1.o
                0x00002764                CLS1_IterateTable
 .text.CLS1_ParseWithCommandTable
                0x000027c8       0xbc ./Generated_Code/CLS1.o
                0x000027c8                CLS1_ParseWithCommandTable
 .text.CLS1_SetStdio
                0x00002884       0x1c ./Generated_Code/CLS1.o
                0x00002884                CLS1_SetStdio
 .text.CLS1_GetStdio
                0x000028a0       0x14 ./Generated_Code/CLS1.o
                0x000028a0                CLS1_GetStdio
 .text.CLS1_ReadAndParseWithCommandTable
                0x000028b4       0xf8 ./Generated_Code/CLS1.o
                0x000028b4                CLS1_ReadAndParseWithCommandTable
 .text.SendSeparatedStrings
                0x000029ac       0x88 ./Generated_Code/CLS1.o
 .text.CLS1_SendHelpStr
                0x00002a34       0x28 ./Generated_Code/CLS1.o
                0x00002a34                CLS1_SendHelpStr
 .text.CLS1_SendStatusStr
                0x00002a5c       0x28 ./Generated_Code/CLS1.o
                0x00002a5c                CLS1_SendStatusStr
 .text.CLS1_ReadChar
                0x00002a84       0x30 ./Generated_Code/CLS1.o
                0x00002a84                CLS1_ReadChar
 .text.CLS1_SendChar
                0x00002ab4       0x24 ./Generated_Code/CLS1.o
                0x00002ab4                CLS1_SendChar
 .text.CLS1_KeyPressed
                0x00002ad8       0x24 ./Generated_Code/CLS1.o
                0x00002ad8                CLS1_KeyPressed
 .text.CLS1_Init
                0x00002afc        0x8 ./Generated_Code/CLS1.o
                0x00002afc                CLS1_Init
 .text.CLS1_SendCharFct
                0x00002b04       0x54 ./Generated_Code/CLS1.o
                0x00002b04                CLS1_SendCharFct
 .text.Cpu_INT_NMIInterrupt
                0x00002b58        0xc ./Generated_Code/Cpu.o
                0x00002b58                Cpu_INT_NMIInterrupt
 .text.Cpu_Interrupt
                0x00002b64        0xc ./Generated_Code/Cpu.o
                0x00002b64                Cpu_Interrupt
 .text.__init_hardware
                0x00002b70      0x110 ./Generated_Code/Cpu.o
                0x00002b70                __init_hardware
 .text.PE_low_level_init
                0x00002c80       0xfc ./Generated_Code/Cpu.o
                0x00002c80                PE_low_level_init
 .text.PrintStatus
                0x00002d7c       0xb0 ./Generated_Code/EE241.o
 .text.PrintHelp
                0x00002e2c       0x7c ./Generated_Code/EE241.o
 .text.EE241_WriteByte
                0x00002ea8       0xe8 ./Generated_Code/EE241.o
                0x00002ea8                EE241_WriteByte
 .text.EE241_ReadByte
                0x00002f90       0xbc ./Generated_Code/EE241.o
                0x00002f90                EE241_ReadByte
 .text.EE241_ParseCommand
                0x0000304c      0x1fc ./Generated_Code/EE241.o
                0x0000304c                EE241_ParseCommand
 .text.FRTOS1_Init
                0x00003248       0x10 ./Generated_Code/FRTOS1.o
                0x00003248                FRTOS1_Init
 .text.GI2C1_RequestBus
                0x00003258       0x1c ./Generated_Code/GI2C1.o
                0x00003258                GI2C1_RequestBus
 .text.GI2C1_ReleaseBus
                0x00003274       0x18 ./Generated_Code/GI2C1.o
                0x00003274                GI2C1_ReleaseBus
 .text.GI2C1_SelectSlave
                0x0000328c       0x40 ./Generated_Code/GI2C1.o
                0x0000328c                GI2C1_SelectSlave
 .text.GI2C1_UnselectSlave
                0x000032cc       0x10 ./Generated_Code/GI2C1.o
                0x000032cc                GI2C1_UnselectSlave
 .text.GI2C1_ReadBlock
                0x000032dc       0x6c ./Generated_Code/GI2C1.o
                0x000032dc                GI2C1_ReadBlock
 .text.GI2C1_WriteBlock
                0x00003348       0x6c ./Generated_Code/GI2C1.o
                0x00003348                GI2C1_WriteBlock
 .text.CI2C1_OnMasterBlockSent
                0x000033b4       0x24 ./Generated_Code/GI2C1.o
                0x000033b4                CI2C1_OnMasterBlockSent
 .text.CI2C1_OnMasterBlockReceived
                0x000033d8       0x24 ./Generated_Code/GI2C1.o
                0x000033d8                CI2C1_OnMasterBlockReceived
 .text.GI2C1_Init
                0x000033fc       0x50 ./Generated_Code/GI2C1.o
                0x000033fc                GI2C1_Init
 .text.GI2C1_ProbeACK
                0x0000344c      0x124 ./Generated_Code/GI2C1.o
                0x0000344c                GI2C1_ProbeACK
 .text.RTT1_StdIOKeyPressed
                0x00003570       0x18 ./Generated_Code/RTT1.o
                0x00003570                RTT1_StdIOKeyPressed
 .text.RTT1_StdIOReadChar
                0x00003588       0x2c ./Generated_Code/RTT1.o
                0x00003588                RTT1_StdIOReadChar
 .text.RTT1_StdIOSendChar
                0x000035b4       0x40 ./Generated_Code/RTT1.o
                0x000035b4                RTT1_StdIOSendChar
 .text.RTT1_SendChar
                0x000035f4       0x30 ./Generated_Code/RTT1.o
                0x000035f4                RTT1_SendChar
 .text.RTT1_Init
                0x00003624        0xc ./Generated_Code/RTT1.o
                0x00003624                RTT1_Init
 .text._DoInit  0x00003630       0xb0 ./Generated_Code/SEGGER_RTT.o
 .text._WriteBlocking
                0x000036e0       0xb8 ./Generated_Code/SEGGER_RTT.o
 .text._WriteNoCheck
                0x00003798       0x8c ./Generated_Code/SEGGER_RTT.o
 .text._GetAvailWriteSpace
                0x00003824       0x44 ./Generated_Code/SEGGER_RTT.o
 .text.SEGGER_RTT_ReadNoLock
                0x00003868       0xfc ./Generated_Code/SEGGER_RTT.o
                0x00003868                SEGGER_RTT_ReadNoLock
 .text.SEGGER_RTT_Read
                0x00003964       0x3c ./Generated_Code/SEGGER_RTT.o
                0x00003964                SEGGER_RTT_Read
 .text.SEGGER_RTT_WriteNoLock
                0x000039a0       0xb8 ./Generated_Code/SEGGER_RTT.o
                0x000039a0                SEGGER_RTT_WriteNoLock
 .text.SEGGER_RTT_Write
                0x00003a58       0x4c ./Generated_Code/SEGGER_RTT.o
                0x00003a58                SEGGER_RTT_Write
 .text.SEGGER_RTT_GetKey
                0x00003aa4       0x38 ./Generated_Code/SEGGER_RTT.o
                0x00003aa4                SEGGER_RTT_GetKey
 .text.SEGGER_RTT_HasKey
                0x00003adc       0x3c ./Generated_Code/SEGGER_RTT.o
                0x00003adc                SEGGER_RTT_HasKey
 .text.SEGGER_RTT_Init
                0x00003b18       0x18 ./Generated_Code/SEGGER_RTT.o
                0x00003b18                SEGGER_RTT_Init
 .text.UTIL1_strcpy
                0x00003b30       0x44 ./Generated_Code/UTIL1.o
                0x00003b30                UTIL1_strcpy
 .text.UTIL1_strcat
                0x00003b74       0x60 ./Generated_Code/UTIL1.o
                0x00003b74                UTIL1_strcat
 .text.UTIL1_Num8uToStr
                0x00003bd4       0x28 ./Generated_Code/UTIL1.o
                0x00003bd4                UTIL1_Num8uToStr
 .text.UTIL1_Num16uToStr
                0x00003bfc      0x130 ./Generated_Code/UTIL1.o
                0x00003bfc                UTIL1_Num16uToStr
 .text.UTIL1_strcatNum8Hex
                0x00003d2c       0x88 ./Generated_Code/UTIL1.o
                0x00003d2c                UTIL1_strcatNum8Hex
 .text.UTIL1_Num32sToStr
                0x00003db4      0x184 ./Generated_Code/UTIL1.o
                0x00003db4                UTIL1_Num32sToStr
 .text.UTIL1_xatoi
                0x00003f38      0x1f0 ./Generated_Code/UTIL1.o
                0x00003f38                UTIL1_xatoi
 .text.isHexCharacter
                0x00004128       0x4c ./Generated_Code/UTIL1.o
 .text.PreScanHexNumber
                0x00004174       0x54 ./Generated_Code/UTIL1.o
 .text.HexToDec
                0x000041c8       0xb0 ./Generated_Code/UTIL1.o
 .text.UTIL1_ScanHex16uNumber
                0x00004278       0x9c ./Generated_Code/UTIL1.o
                0x00004278                UTIL1_ScanHex16uNumber
 .text.UTIL1_ScanHex8uNumber
                0x00004314       0x9c ./Generated_Code/UTIL1.o
                0x00004314                UTIL1_ScanHex8uNumber
 .text.WAIT1_Wait10Cycles
                0x000043b0        0x8 ./Generated_Code/WAIT1.o
                0x000043b0                WAIT1_Wait10Cycles
 .text.WAIT1_Wait100Cycles
                0x000043b8       0x24 ./Generated_Code/WAIT1.o
                0x000043b8                WAIT1_Wait100Cycles
 .text.WAIT1_WaitCycles
                0x000043dc       0x44 ./Generated_Code/WAIT1.o
                0x000043dc                WAIT1_WaitCycles
 .text.WAIT1_WaitLongCycles
                0x00004420       0x3c ./Generated_Code/WAIT1.o
                0x00004420                WAIT1_WaitLongCycles
 .text.WAIT1_Waitms
                0x0000445c       0x38 ./Generated_Code/WAIT1.o
                0x0000445c                WAIT1_Waitms
 .text.WAIT1_Init
                0x00004494        0x8 ./Generated_Code/WAIT1.o
                0x00004494                WAIT1_Init
 .text.pvPortMalloc
                0x0000449c      0x160 ./Generated_Code/heap_4.o
                0x0000449c                pvPortMalloc
 .text.vPortFree
                0x000045fc       0x94 ./Generated_Code/heap_4.o
                0x000045fc                vPortFree
 .text.prvHeapInit
                0x00004690       0xc4 ./Generated_Code/heap_4.o
 .text.prvInsertBlockIntoFreeList
                0x00004754       0xac ./Generated_Code/heap_4.o
 .text.vListInitialise
                0x00004800       0x3c ./Generated_Code/list.o
                0x00004800                vListInitialise
 .text.vListInitialiseItem
                0x0000483c       0x14 ./Generated_Code/list.o
                0x0000483c                vListInitialiseItem
 .text.vListInsertEnd
                0x00004850       0x44 ./Generated_Code/list.o
                0x00004850                vListInsertEnd
 .text.vListInsert
                0x00004894       0x6c ./Generated_Code/list.o
                0x00004894                vListInsert
 .text.uxListRemove
                0x00004900       0x50 ./Generated_Code/list.o
                0x00004900                uxListRemove
 .text.pxPortInitialiseStack
                0x00004950       0x50 ./Generated_Code/port.o
                0x00004950                pxPortInitialiseStack
 .text.vPortInitTickTimer
                0x000049a0       0x44 ./Generated_Code/port.o
                0x000049a0                vPortInitTickTimer
 .text.vPortStartTickTimer
                0x000049e4       0x14 ./Generated_Code/port.o
                0x000049e4                vPortStartTickTimer
 .text.vPortStopTickTimer
                0x000049f8       0x14 ./Generated_Code/port.o
                0x000049f8                vPortStopTickTimer
 .text.xPortStartScheduler
                0x00004a0c       0x34 ./Generated_Code/port.o
                0x00004a0c                xPortStartScheduler
 .text.vPortEnterCritical
                0x00004a40       0x20 ./Generated_Code/port.o
                0x00004a40                vPortEnterCritical
 .text.vPortExitCritical
                0x00004a60       0x20 ./Generated_Code/port.o
                0x00004a60                vPortExitCritical
 .text.vPortYieldFromISR
                0x00004a80       0x1c ./Generated_Code/port.o
                0x00004a80                vPortYieldFromISR
 .text.vPortTickHandler
                0x00004a9c       0x1c ./Generated_Code/port.o
                0x00004a9c                vPortTickHandler
 *fill*         0x00004ab8        0x8 
 .text.vPortStartFirstTask
                0x00004ac0       0x40 ./Generated_Code/port.o
                0x00004ac0                vPortStartFirstTask
 .text.vPortSVCHandler
                0x00004b00        0x0 ./Generated_Code/port.o
                0x00004b00                vPortSVCHandler
 .text.vPortPendSVHandler
                0x00004b00       0x44 ./Generated_Code/port.o
                0x00004b00                vPortPendSVHandler
 .text.xQueueGenericReset
                0x00004b44       0xac ./Generated_Code/queue.o
                0x00004b44                xQueueGenericReset
 .text.xQueueGenericCreate
                0x00004bf0       0x64 ./Generated_Code/queue.o
                0x00004bf0                xQueueGenericCreate
 .text.prvInitialiseNewQueue
                0x00004c54       0x44 ./Generated_Code/queue.o
 .text.prvInitialiseMutex
                0x00004c98       0x34 ./Generated_Code/queue.o
 .text.xQueueCreateMutex
                0x00004ccc       0x3c ./Generated_Code/queue.o
                0x00004ccc                xQueueCreateMutex
 .text.xQueueGiveMutexRecursive
                0x00004d08       0x58 ./Generated_Code/queue.o
                0x00004d08                xQueueGiveMutexRecursive
 .text.xQueueTakeMutexRecursive
                0x00004d60       0x64 ./Generated_Code/queue.o
                0x00004d60                xQueueTakeMutexRecursive
 .text.xQueueGenericSend
                0x00004dc4      0x1a0 ./Generated_Code/queue.o
                0x00004dc4                xQueueGenericSend
 .text.xQueueGenericReceive
                0x00004f64      0x1dc ./Generated_Code/queue.o
                0x00004f64                xQueueGenericReceive
 .text.prvCopyDataToQueue
                0x00005140       0xe0 ./Generated_Code/queue.o
 .text.prvCopyDataFromQueue
                0x00005220       0x50 ./Generated_Code/queue.o
 .text.prvUnlockQueue
                0x00005270       0xc0 ./Generated_Code/queue.o
 .text.prvIsQueueEmpty
                0x00005330       0x2c ./Generated_Code/queue.o
 .text.prvIsQueueFull
                0x0000535c       0x30 ./Generated_Code/queue.o
 .text.vQueueAddToRegistry
                0x0000538c       0x4c ./Generated_Code/queue.o
                0x0000538c                vQueueAddToRegistry
 .text.xTaskCreate
                0x000053d8       0x90 ./Generated_Code/tasks.o
                0x000053d8                xTaskCreate
 .text.prvInitialiseNewTask
                0x00005468      0x108 ./Generated_Code/tasks.o
 .text.prvAddNewTaskToReadyList
                0x00005570       0xc4 ./Generated_Code/tasks.o
 .text.vTaskDelay
                0x00005634       0x48 ./Generated_Code/tasks.o
                0x00005634                vTaskDelay
 .text.vTaskStartScheduler
                0x0000567c       0x6c ./Generated_Code/tasks.o
                0x0000567c                vTaskStartScheduler
 .text.vTaskSuspendAll
                0x000056e8       0x18 ./Generated_Code/tasks.o
                0x000056e8                vTaskSuspendAll
 .text.xTaskResumeAll
                0x00005700      0x118 ./Generated_Code/tasks.o
                0x00005700                xTaskResumeAll
 .text.xTaskIncrementTick
                0x00005818      0x178 ./Generated_Code/tasks.o
                0x00005818                xTaskIncrementTick
 .text.vTaskSwitchContext
                0x00005990       0xc4 ./Generated_Code/tasks.o
                0x00005990                vTaskSwitchContext
 .text.vTaskPlaceOnEventList
                0x00005a54       0x38 ./Generated_Code/tasks.o
                0x00005a54                vTaskPlaceOnEventList
 .text.xTaskRemoveFromEventList
                0x00005a8c       0xb8 ./Generated_Code/tasks.o
                0x00005a8c                xTaskRemoveFromEventList
 .text.vTaskSetTimeOutState
                0x00005b44       0x30 ./Generated_Code/tasks.o
                0x00005b44                vTaskSetTimeOutState
 .text.xTaskCheckForTimeOut
                0x00005b74       0x9c ./Generated_Code/tasks.o
                0x00005b74                xTaskCheckForTimeOut
 .text.vTaskMissedYield
                0x00005c10       0x14 ./Generated_Code/tasks.o
                0x00005c10                vTaskMissedYield
 .text.prvIdleTask
                0x00005c24       0x24 ./Generated_Code/tasks.o
 .text.prvInitialiseTaskLists
                0x00005c48       0x7c ./Generated_Code/tasks.o
 .text.prvCheckTasksWaitingTermination
                0x00005cc4        0x8 ./Generated_Code/tasks.o
 .text.prvResetNextTaskUnblockTime
                0x00005ccc       0x44 ./Generated_Code/tasks.o
 .text.xTaskGetCurrentTaskHandle
                0x00005d10       0x1c ./Generated_Code/tasks.o
                0x00005d10                xTaskGetCurrentTaskHandle
 .text.xTaskGetSchedulerState
                0x00005d2c       0x38 ./Generated_Code/tasks.o
                0x00005d2c                xTaskGetSchedulerState
 .text.vTaskPriorityInherit
                0x00005d64       0xbc ./Generated_Code/tasks.o
                0x00005d64                vTaskPriorityInherit
 .text.xTaskPriorityDisinherit
                0x00005e20       0xb8 ./Generated_Code/tasks.o
                0x00005e20                xTaskPriorityDisinherit
 .text.pvTaskIncrementMutexHeldCount
                0x00005ed8       0x24 ./Generated_Code/tasks.o
                0x00005ed8                pvTaskIncrementMutexHeldCount
 .text.prvAddCurrentTaskToDelayedList
                0x00005efc       0xa8 ./Generated_Code/tasks.o
 .text.exit     0x00005fa4       0x2c c:/freescale/kds_v3/toolchain/bin/../lib/gcc/arm-none-eabi/4.8.4/../../../../arm-none-eabi/lib/armv6-m\libg_s.a(lib_a-exit.o)
                0x00005fa4                exit
 .text.__libc_init_array
                0x00005fd0       0x4c c:/freescale/kds_v3/toolchain/bin/../lib/gcc/arm-none-eabi/4.8.4/../../../../arm-none-eabi/lib/armv6-m\libg_s.a(lib_a-init.o)
                0x00005fd0                __libc_init_array
 .text.memcpy   0x0000601c       0x12 c:/freescale/kds_v3/toolchain/bin/../lib/gcc/arm-none-eabi/4.8.4/../../../../arm-none-eabi/lib/armv6-m\libg_s.a(lib_a-memcpy-stub.o)
                0x0000601c                memcpy
 .text.memset   0x0000602e       0x10 c:/freescale/kds_v3/toolchain/bin/../lib/gcc/arm-none-eabi/4.8.4/../../../../arm-none-eabi/lib/armv6-m\libg_s.a(lib_a-memset.o)
                0x0000602e                memset
 .text.strlen   0x0000603e        0xe c:/freescale/kds_v3/toolchain/bin/../lib/gcc/arm-none-eabi/4.8.4/../../../../arm-none-eabi/lib/armv6-m\libg_s.a(lib_a-strlen.o)
                0x0000603e                strlen
 .text.strncmp  0x0000604c       0x2c c:/freescale/kds_v3/toolchain/bin/../lib/gcc/arm-none-eabi/4.8.4/../../../../arm-none-eabi/lib/armv6-m\libg_s.a(lib_a-strncmp.o)
                0x0000604c                strncmp
 .text._exit    0x00006078        0x4 c:/freescale/kds_v3/toolchain/bin/../lib/gcc/arm-none-eabi/4.8.4/../../../../arm-none-eabi/lib/armv6-m\libnosys.a(_exit.o)
                0x00006078                _exit
 *(.rodata)
 .rodata        0x0000607c      0x144 ./Sources/Application.o
 .rodata        0x000061c0       0xd0 ./Sources/Shell.o
 .rodata        0x00006290      0x150 ./Generated_Code/CLS1.o
 .rodata        0x000063e0      0x198 ./Generated_Code/EE241.o
 .rodata        0x00006578        0xc ./Generated_Code/GI2C1.o
 .rodata        0x00006584       0x18 ./Generated_Code/SEGGER_RTT.o
 .rodata        0x0000659c       0x1c ./Generated_Code/UTIL1.o
 .rodata        0x000065b8        0x8 ./Generated_Code/tasks.o
 *(.rodata*)
 .rodata.SHELL_stdio
                0x000065c0       0x10 ./Sources/Shell.o
                0x000065c0                SHELL_stdio
 .rodata.ios    0x000065d0        0xc ./Sources/Shell.o
 .rodata.CmdParserTable
                0x000065dc       0x14 ./Sources/Shell.o
 .rodata.CLS1_stdio
                0x000065f0       0x10 ./Generated_Code/CLS1.o
                0x000065f0                CLS1_stdio
 .rodata.RTT1_stdio
                0x00006600       0x10 ./Generated_Code/RTT1.o
                0x00006600                RTT1_stdio
 .rodata.str1.1
                0x00006610        0x2 c:/freescale/kds_v3/toolchain/bin/../lib/gcc/arm-none-eabi/4.8.4/../../../../arm-none-eabi/lib/armv6-m\libg_s.a(lib_a-impure.o)
 *fill*         0x00006612        0x2 
 .rodata._global_impure_ptr
                0x00006614        0x4 c:/freescale/kds_v3/toolchain/bin/../lib/gcc/arm-none-eabi/4.8.4/../../../../arm-none-eabi/lib/armv6-m\libg_s.a(lib_a-impure.o)
                0x00006614                _global_impure_ptr
 *(.glue_7)
 .glue_7        0x00000000        0x0 linker stubs
 *(.glue_7t)
 .glue_7t       0x00000000        0x0 linker stubs
 *(.eh_frame)
 .eh_frame      0x00006618        0x0 c:/freescale/kds_v3/toolchain/bin/../lib/gcc/arm-none-eabi/4.8.4/armv6-m/crtbegin.o
 *(.init)
 .init          0x00006618        0x4 c:/freescale/kds_v3/toolchain/bin/../lib/gcc/arm-none-eabi/4.8.4/armv6-m/crti.o
                0x00006618                _init
 .init          0x0000661c        0x8 c:/freescale/kds_v3/toolchain/bin/../lib/gcc/arm-none-eabi/4.8.4/armv6-m/crtn.o
 *(.fini)
 .fini          0x00006624        0x4 c:/freescale/kds_v3/toolchain/bin/../lib/gcc/arm-none-eabi/4.8.4/armv6-m/crti.o
                0x00006624                _fini
 .fini          0x00006628        0x8 c:/freescale/kds_v3/toolchain/bin/../lib/gcc/arm-none-eabi/4.8.4/armv6-m/crtn.o
                0x00006630                . = ALIGN (0x4)
                0x00006630                _etext = .

.vfp11_veneer   0x00006630        0x0
 .vfp11_veneer  0x00000000        0x0 linker stubs

.v4_bx          0x00006630        0x0
 .v4_bx         0x00000000        0x0 linker stubs

.iplt           0x00006630        0x0
 .iplt          0x00000000        0x0 c:/freescale/kds_v3/toolchain/bin/../lib/gcc/arm-none-eabi/4.8.4/armv6-m/crtbegin.o

.ARM.extab
 *(.ARM.extab* .gnu.linkonce.armextab.*)

.ARM            0x00006630        0x8
                0x00006630                __exidx_start = .
 *(.ARM.exidx*)
 .ARM.exidx     0x00006630        0x8 c:/freescale/kds_v3/toolchain/bin/../lib/gcc/arm-none-eabi/4.8.4/../../../../arm-none-eabi/lib/armv6-m/crt0.o
                0x00006638                __exidx_end = .

.rel.dyn        0x00006638        0x0
 .rel.iplt      0x00000000        0x0 c:/freescale/kds_v3/toolchain/bin/../lib/gcc/arm-none-eabi/4.8.4/armv6-m/crtbegin.o

.ctors          0x00006638        0x0
                0x00006638                __CTOR_LIST__ = .
 *crtbegin.o(.ctors)
 *(EXCLUDE_FILE(*crtend.o) .ctors)
 *(SORT(.ctors.*))
 *(.ctors)
                0x00006638                __CTOR_END__ = .

.dtors          0x00006638        0x0
                0x00006638                __DTOR_LIST__ = .
 *crtbegin.o(.dtors)
 *(EXCLUDE_FILE(*crtend.o) .dtors)
 *(SORT(.dtors.*))
 *(.dtors)
                0x00006638                __DTOR_END__ = .

.preinit_array  0x00006638        0x0
                0x00006638                PROVIDE (__preinit_array_start, .)
 *(.preinit_array*)
                0x00006638                PROVIDE (__preinit_array_end, .)

.init_array     0x00006638        0x4
                0x00006638                PROVIDE (__init_array_start, .)
 *(SORT(.init_array.*))
 *(.init_array*)
 .init_array    0x00006638        0x4 c:/freescale/kds_v3/toolchain/bin/../lib/gcc/arm-none-eabi/4.8.4/armv6-m/crtbegin.o
                0x0000663c                PROVIDE (__init_array_end, .)

.fini_array     0x0000663c        0x4
                0x0000663c                PROVIDE (__fini_array_start, .)
 *(SORT(.fini_array.*))
 *(.fini_array*)
 .fini_array    0x0000663c        0x4 c:/freescale/kds_v3/toolchain/bin/../lib/gcc/arm-none-eabi/4.8.4/armv6-m/crtbegin.o
                0x00006640                PROVIDE (__fini_array_end, .)
                0x00006640                ___ROM_AT = .

.mtb            0x1ffff000        0x0
                0x1ffff000                . = ALIGN (0x8)
                0x1ffff000                _mtb_start = .
 *(.mtb_buf)
                0x1ffff000                . = ALIGN (0x8)
                0x1ffff000                _mtb_end = .

.data           0x1ffff000       0x6c load address 0x00006640
                0x1ffff000                . = ALIGN (0x4)
                0x1ffff000                _sdata = .
 *(.data)
 *(.data*)
 .data.CLS1_currStdIO
                0x1ffff000        0x4 ./Generated_Code/CLS1.o
 .data.xHeapStructSize
                0x1ffff004        0x4 ./Generated_Code/heap_4.o
 .data.uxCriticalNesting
                0x1ffff008        0x4 ./Generated_Code/port.o
 .data.impure_data
                0x1ffff00c       0x60 c:/freescale/kds_v3/toolchain/bin/../lib/gcc/arm-none-eabi/4.8.4/../../../../arm-none-eabi/lib/armv6-m\libg_s.a(lib_a-impure.o)
                0x1ffff06c                . = ALIGN (0x4)
                0x1ffff06c                _edata = .
                0x0000006c                ___data_size = (_edata - _sdata)

.jcr            0x1ffff06c        0x0 load address 0x000066ac
 .jcr           0x1ffff06c        0x0 c:/freescale/kds_v3/toolchain/bin/../lib/gcc/arm-none-eabi/4.8.4/armv6-m/crtbegin.o

.igot.plt       0x1ffff06c        0x0 load address 0x000066ac
 .igot.plt      0x00000000        0x0 c:/freescale/kds_v3/toolchain/bin/../lib/gcc/arm-none-eabi/4.8.4/armv6-m/crtbegin.o
                0x1ffff06c                . = ALIGN (0x4)

.bss            0x1ffff06c     0x14c0 load address 0x000066ac
                0x1ffff06c                __START_BSS = .
                0x1ffff06c                PROVIDE (__bss_start__, __START_BSS)
 *(.bss)
 .bss           0x1ffff06c       0x1c c:/freescale/kds_v3/toolchain/bin/../lib/gcc/arm-none-eabi/4.8.4/armv6-m/crtbegin.o
 *(.bss*)
 .bss.SHELL_DefaultShellBuffer
                0x1ffff088       0x30 ./Sources/Shell.o
 .bss.SHELL_val
                0x1ffff0b8        0x4 ./Sources/Shell.o
 .bss.ModeFlg   0x1ffff0bc        0x1 ./Generated_Code/AD1.o
 *fill*         0x1ffff0bd        0x3 
 .bss.SampleGroup
                0x1ffff0c0        0x4 ./Generated_Code/AD1.o
 .bss.OutFlg    0x1ffff0c4        0x1 ./Generated_Code/AD1.o
 *fill*         0x1ffff0c5        0x1 
 .bss.SerFlag   0x1ffff0c6        0x2 ./Generated_Code/AS1.o
 .bss.BufferRead
                0x1ffff0c8        0x1 ./Generated_Code/AS1.o
 .bss.OutBuffer
                0x1ffff0c9        0x1 ./Generated_Code/AS1.o
 *fill*         0x1ffff0ca        0x2 
 .bss.DeviceDataPrv__DEFAULT_RTOS_ALLOC
                0x1ffff0cc       0x20 ./Generated_Code/ASerialLdd1.o
 .bss.DeviceDataPrv__DEFAULT_RTOS_ALLOC
                0x1ffff0ec        0x8 ./Generated_Code/AdcLdd1.o
 .bss.INT_ADC0__BAREBOARD_RTOS_ISRPARAM
                0x1ffff0f4        0x4 ./Generated_Code/AdcLdd1.o
 .bss.DeviceDataPrv__DEFAULT_RTOS_ALLOC
                0x1ffff0f8        0x4 ./Generated_Code/BitIoLdd1.o
 .bss.DeviceDataPrv__DEFAULT_RTOS_ALLOC
                0x1ffff0fc        0x4 ./Generated_Code/BitIoLdd2.o
 .bss.DeviceDataPrv__DEFAULT_RTOS_ALLOC
                0x1ffff100        0x4 ./Generated_Code/BitIoLdd3.o
 .bss.DeviceDataPrv__DEFAULT_RTOS_ALLOC
                0x1ffff104        0x4 ./Generated_Code/BitIoLdd4.o
 .bss.DeviceDataPrv__DEFAULT_RTOS_ALLOC
                0x1ffff108       0x18 ./Generated_Code/CI2C1.o
 .bss.INT_I2C0__BAREBOARD_RTOS_ISRPARAM
                0x1ffff120        0x4 ./Generated_Code/CI2C1.o
 .bss.SR_lock   0x1ffff124        0x1 ./Generated_Code/Cpu.o
                0x1ffff124                SR_lock
 *fill*         0x1ffff125        0x3 
 .bss.GI2C1_deviceData
                0x1ffff128        0x8 ./Generated_Code/GI2C1.o
 .bss.GI2C1_busSem
                0x1ffff130        0x4 ./Generated_Code/GI2C1.o
 .bss.PE_LDD_DeviceDataList
                0x1ffff134       0x1c ./Generated_Code/PE_LDD.o
                0x1ffff134                PE_LDD_DeviceDataList
 .bss._acUpBuffer
                0x1ffff150      0x200 ./Generated_Code/SEGGER_RTT.o
 .bss._acDownBuffer
                0x1ffff350       0x40 ./Generated_Code/SEGGER_RTT.o
 .bss.ucHeap    0x1ffff390     0x1000 ./Generated_Code/heap_4.o
 .bss.xStart    0x20000390        0x8 ./Generated_Code/heap_4.o
 .bss.pxEnd     0x20000398        0x4 ./Generated_Code/heap_4.o
 .bss.xFreeBytesRemaining
                0x2000039c        0x4 ./Generated_Code/heap_4.o
 .bss.xMinimumEverFreeBytesRemaining
                0x200003a0        0x4 ./Generated_Code/heap_4.o
 .bss.xBlockAllocatedBit
                0x200003a4        0x4 ./Generated_Code/heap_4.o
 .bss.pxCurrentTCB
                0x200003a8        0x4 ./Generated_Code/tasks.o
                0x200003a8                pxCurrentTCB
 .bss.pxReadyTasksLists
                0x200003ac       0x78 ./Generated_Code/tasks.o
 .bss.xDelayedTaskList1
                0x20000424       0x14 ./Generated_Code/tasks.o
 .bss.xDelayedTaskList2
                0x20000438       0x14 ./Generated_Code/tasks.o
 .bss.pxDelayedTaskList
                0x2000044c        0x4 ./Generated_Code/tasks.o
 .bss.pxOverflowDelayedTaskList
                0x20000450        0x4 ./Generated_Code/tasks.o
 .bss.xPendingReadyList
                0x20000454       0x14 ./Generated_Code/tasks.o
 .bss.xSuspendedTaskList
                0x20000468       0x14 ./Generated_Code/tasks.o
 .bss.uxCurrentNumberOfTasks
                0x2000047c        0x4 ./Generated_Code/tasks.o
 .bss.xTickCount
                0x20000480        0x4 ./Generated_Code/tasks.o
 .bss.uxTopReadyPriority
                0x20000484        0x4 ./Generated_Code/tasks.o
 .bss.xSchedulerRunning
                0x20000488        0x4 ./Generated_Code/tasks.o
 .bss.uxPendedTicks
                0x2000048c        0x4 ./Generated_Code/tasks.o
 .bss.xYieldPending
                0x20000490        0x4 ./Generated_Code/tasks.o
 .bss.xNumOfOverflows
                0x20000494        0x4 ./Generated_Code/tasks.o
 .bss.uxTaskNumber
                0x20000498        0x4 ./Generated_Code/tasks.o
 .bss.xNextTaskUnblockTime
                0x2000049c        0x4 ./Generated_Code/tasks.o
 .bss.xIdleTaskHandle
                0x200004a0        0x4 ./Generated_Code/tasks.o
 .bss.uxSchedulerSuspended
                0x200004a4        0x4 ./Generated_Code/tasks.o
 *(COMMON)
 COMMON         0x200004a8        0x3 ./Sources/Application.o
                0x200004a8                current_Val
                0x200004aa                channel_Nr
 *fill*         0x200004ab        0x1 
 COMMON         0x200004ac        0x8 ./Generated_Code/AD1.o
                0x200004ac                AD1_OutV
                0x200004b0                AdcLdd1_DeviceDataPtr
 COMMON         0x200004b4        0x4 ./Generated_Code/AS1.o
                0x200004b4                ASerialLdd1_DeviceDataPtr
 COMMON         0x200004b8        0x1 ./Generated_Code/Cpu.o
                0x200004b8                SR_reg
 *fill*         0x200004b9        0x3 
 COMMON         0x200004bc       0x48 ./Generated_Code/SEGGER_RTT.o
                0x200004bc                _SEGGER_RTT
 COMMON         0x20000504       0x28 ./Generated_Code/queue.o
                0x20000504                xQueueRegistry
                0x2000052c                . = ALIGN (0x4)
                0x2000052c                __END_BSS = .
                0x2000052c                PROVIDE (__bss_end__, __END_BSS)
                0x000066ac                _romp_at = (___ROM_AT + SIZEOF (.data))

.romp           0x2000052c       0x18 load address 0x000066ac
                0x000066ac                __S_romp = _romp_at
                0x2000052c        0x4 LONG 0x6640 ___ROM_AT
                0x20000530        0x4 LONG 0x1ffff000 _sdata
                0x20000534        0x4 LONG 0x6c ___data_size
                0x20000538        0x4 LONG 0x0
                0x2000053c        0x4 LONG 0x0
                0x20000540        0x4 LONG 0x0
                0x00020000                text_end = (ORIGIN (m_text) + 0x1fbf0)
                0x000066c4                data_init_end = ((___ROM_AT + SIZEOF (.data)) + SIZEOF (.romp))
                0x00000001                ASSERT ((data_init_end <= text_end), region m_text overflowed with text and data)

._user_heap_stack
                0x20000544      0x400 load address 0x000066c4
                0x20000544                . = ALIGN (0x4)
                0x20000544                PROVIDE (end, .)
                0x20000544                PROVIDE (_end, .)
                0x20000544                PROVIDE (__end__, .)
                0x20000544                __heap_addr = .
                0x20000544                __HeapBase = .
                0x20000544                . = (. + __heap_size)
                0x20000544                __HeapLimit = .
                0x20000944                . = (. + __stack_size)
 *fill*         0x20000544      0x400 
                0x20000944                . = ALIGN (0x4)

.ARM.attributes
                0x00000000       0x28
 *(.ARM.attributes)
 .ARM.attributes
                0x00000000       0x1e c:/freescale/kds_v3/toolchain/bin/../lib/gcc/arm-none-eabi/4.8.4/armv6-m/crti.o
 .ARM.attributes
                0x0000001e       0x2c c:/freescale/kds_v3/toolchain/bin/../lib/gcc/arm-none-eabi/4.8.4/armv6-m/crtbegin.o
 .ARM.attributes
                0x0000004a       0x1b c:/freescale/kds_v3/toolchain/bin/../lib/gcc/arm-none-eabi/4.8.4/../../../../arm-none-eabi/lib/armv6-m/crt0.o
 .ARM.attributes
                0x00000065       0x32 ./Sources/Application.o
 .ARM.attributes
                0x00000097       0x32 ./Sources/Events.o
 .ARM.attributes
                0x000000c9       0x32 ./Sources/Shell.o
 .ARM.attributes
                0x000000fb       0x32 ./Sources/main.o
 .ARM.attributes
                0x0000012d       0x32 ./Project_Settings/Startup_Code/startup.o
 .ARM.attributes
                0x0000015f       0x32 ./Generated_Code/AD1.o
 .ARM.attributes
                0x00000191       0x32 ./Generated_Code/AS1.o
 .ARM.attributes
                0x000001c3       0x32 ./Generated_Code/ASerialLdd1.o
 .ARM.attributes
                0x000001f5       0x32 ./Generated_Code/AdcLdd1.o
 .ARM.attributes
                0x00000227       0x32 ./Generated_Code/BitIoLdd1.o
 .ARM.attributes
                0x00000259       0x32 ./Generated_Code/BitIoLdd2.o
 .ARM.attributes
                0x0000028b       0x32 ./Generated_Code/BitIoLdd3.o
 .ARM.attributes
                0x000002bd       0x32 ./Generated_Code/BitIoLdd4.o
 .ARM.attributes
                0x000002ef       0x32 ./Generated_Code/CI2C1.o
 .ARM.attributes
                0x00000321       0x32 ./Generated_Code/CLS1.o
 .ARM.attributes
                0x00000353       0x32 ./Generated_Code/Cpu.o
 .ARM.attributes
                0x00000385       0x32 ./Generated_Code/EE241.o
 .ARM.attributes
                0x000003b7       0x32 ./Generated_Code/FRTOS1.o
 .ARM.attributes
                0x000003e9       0x32 ./Generated_Code/GI2C1.o
 .ARM.attributes
                0x0000041b       0x32 ./Generated_Code/PE_LDD.o
 .ARM.attributes
                0x0000044d       0x32 ./Generated_Code/RTT1.o
 .ARM.attributes
                0x0000047f       0x32 ./Generated_Code/SEGGER_RTT.o
 .ARM.attributes
                0x000004b1       0x32 ./Generated_Code/UTIL1.o
 .ARM.attributes
                0x000004e3       0x32 ./Generated_Code/Vectors.o
 .ARM.attributes
                0x00000515       0x32 ./Generated_Code/WAIT1.o
 .ARM.attributes
                0x00000547       0x32 ./Generated_Code/heap_4.o
 .ARM.attributes
                0x00000579       0x32 ./Generated_Code/list.o
 .ARM.attributes
                0x000005ab       0x32 ./Generated_Code/port.o
 .ARM.attributes
                0x000005dd       0x32 ./Generated_Code/queue.o
 .ARM.attributes
                0x0000060f       0x32 ./Generated_Code/tasks.o
 .ARM.attributes
                0x00000641       0x1e c:/freescale/kds_v3/toolchain/bin/../lib/gcc/arm-none-eabi/4.8.4/armv6-m\libgcc.a(_udivsi3.o)
 .ARM.attributes
                0x0000065f       0x1e c:/freescale/kds_v3/toolchain/bin/../lib/gcc/arm-none-eabi/4.8.4/armv6-m\libgcc.a(_divsi3.o)
 .ARM.attributes
                0x0000067d       0x1e c:/freescale/kds_v3/toolchain/bin/../lib/gcc/arm-none-eabi/4.8.4/armv6-m\libgcc.a(_dvmd_tls.o)
 .ARM.attributes
                0x0000069b       0x2c c:/freescale/kds_v3/toolchain/bin/../lib/gcc/arm-none-eabi/4.8.4/../../../../arm-none-eabi/lib/armv6-m\libg_s.a(lib_a-exit.o)
 .ARM.attributes
                0x000006c7       0x2c c:/freescale/kds_v3/toolchain/bin/../lib/gcc/arm-none-eabi/4.8.4/../../../../arm-none-eabi/lib/armv6-m\libg_s.a(lib_a-impure.o)
 .ARM.attributes
                0x000006f3       0x2c c:/freescale/kds_v3/toolchain/bin/../lib/gcc/arm-none-eabi/4.8.4/../../../../arm-none-eabi/lib/armv6-m\libg_s.a(lib_a-init.o)
 .ARM.attributes
                0x0000071f       0x2c c:/freescale/kds_v3/toolchain/bin/../lib/gcc/arm-none-eabi/4.8.4/../../../../arm-none-eabi/lib/armv6-m\libg_s.a(lib_a-memcpy-stub.o)
 .ARM.attributes
                0x0000074b       0x2c c:/freescale/kds_v3/toolchain/bin/../lib/gcc/arm-none-eabi/4.8.4/../../../../arm-none-eabi/lib/armv6-m\libg_s.a(lib_a-memset.o)
 .ARM.attributes
                0x00000777       0x1c c:/freescale/kds_v3/toolchain/bin/../lib/gcc/arm-none-eabi/4.8.4/../../../../arm-none-eabi/lib/armv6-m\libg_s.a(lib_a-strcmp.o)
 .ARM.attributes
                0x00000793       0x2c c:/freescale/kds_v3/toolchain/bin/../lib/gcc/arm-none-eabi/4.8.4/../../../../arm-none-eabi/lib/armv6-m\libg_s.a(lib_a-strlen.o)
 .ARM.attributes
                0x000007bf       0x2c c:/freescale/kds_v3/toolchain/bin/../lib/gcc/arm-none-eabi/4.8.4/../../../../arm-none-eabi/lib/armv6-m\libg_s.a(lib_a-strncmp.o)
 .ARM.attributes
                0x000007eb       0x2c c:/freescale/kds_v3/toolchain/bin/../lib/gcc/arm-none-eabi/4.8.4/../../../../arm-none-eabi/lib/armv6-m\libnosys.a(_exit.o)
 .ARM.attributes
                0x00000817       0x1e c:/freescale/kds_v3/toolchain/bin/../lib/gcc/arm-none-eabi/4.8.4/armv6-m/crtn.o
OUTPUT(BAT_Grid_Sense.elf elf32-littlearm)

.debug_info     0x00000000     0xb1fa
 .debug_info    0x00000000      0x3e5 ./Sources/Application.o
 .debug_info    0x000003e5      0x130 ./Sources/Events.o
 .debug_info    0x00000515      0x50a ./Sources/Shell.o
 .debug_info    0x00000a1f       0x9a ./Sources/main.o
 .debug_info    0x00000ab9      0x20a ./Project_Settings/Startup_Code/startup.o
 .debug_info    0x00000cc3      0x23b ./Generated_Code/AD1.o
 .debug_info    0x00000efe      0x222 ./Generated_Code/AS1.o
 .debug_info    0x00001120      0x756 ./Generated_Code/ASerialLdd1.o
 .debug_info    0x00001876      0x8d9 ./Generated_Code/AdcLdd1.o
 .debug_info    0x0000214f      0x380 ./Generated_Code/BitIoLdd1.o
 .debug_info    0x000024cf      0x380 ./Generated_Code/BitIoLdd2.o
 .debug_info    0x0000284f      0x380 ./Generated_Code/BitIoLdd3.o
 .debug_info    0x00002bcf      0x380 ./Generated_Code/BitIoLdd4.o
 .debug_info    0x00002f4f      0x824 ./Generated_Code/CI2C1.o
 .debug_info    0x00003773      0xb64 ./Generated_Code/CLS1.o
 .debug_info    0x000042d7      0x842 ./Generated_Code/Cpu.o
 .debug_info    0x00004b19      0x4ff ./Generated_Code/EE241.o
 .debug_info    0x00005018       0xd5 ./Generated_Code/FRTOS1.o
 .debug_info    0x000050ed      0x729 ./Generated_Code/GI2C1.o
 .debug_info    0x00005816      0x251 ./Generated_Code/PE_LDD.o
 .debug_info    0x00005a67      0x2b6 ./Generated_Code/RTT1.o
 .debug_info    0x00005d1d      0xc8a ./Generated_Code/SEGGER_RTT.o
 .debug_info    0x000069a7     0x1ad7 ./Generated_Code/UTIL1.o
 .debug_info    0x0000847e      0x10e ./Generated_Code/Vectors.o
 .debug_info    0x0000858c      0x170 ./Generated_Code/WAIT1.o
 .debug_info    0x000086fc      0x306 ./Generated_Code/heap_4.o
 .debug_info    0x00008a02      0x2a8 ./Generated_Code/list.o
 .debug_info    0x00008caa      0x253 ./Generated_Code/port.o
 .debug_info    0x00008efd      0xda1 ./Generated_Code/queue.o
 .debug_info    0x00009c9e     0x155c ./Generated_Code/tasks.o

.debug_abbrev   0x00000000     0x275f
 .debug_abbrev  0x00000000      0x18f ./Sources/Application.o
 .debug_abbrev  0x0000018f       0x8b ./Sources/Events.o
 .debug_abbrev  0x0000021a      0x1be ./Sources/Shell.o
 .debug_abbrev  0x000003d8       0x47 ./Sources/main.o
 .debug_abbrev  0x0000041f      0x11e ./Project_Settings/Startup_Code/startup.o
 .debug_abbrev  0x0000053d      0x150 ./Generated_Code/AD1.o
 .debug_abbrev  0x0000068d      0x117 ./Generated_Code/AS1.o
 .debug_abbrev  0x000007a4      0x1a0 ./Generated_Code/ASerialLdd1.o
 .debug_abbrev  0x00000944      0x1d2 ./Generated_Code/AdcLdd1.o
 .debug_abbrev  0x00000b16      0x136 ./Generated_Code/BitIoLdd1.o
 .debug_abbrev  0x00000c4c      0x136 ./Generated_Code/BitIoLdd2.o
 .debug_abbrev  0x00000d82      0x136 ./Generated_Code/BitIoLdd3.o
 .debug_abbrev  0x00000eb8      0x136 ./Generated_Code/BitIoLdd4.o
 .debug_abbrev  0x00000fee      0x1a5 ./Generated_Code/CI2C1.o
 .debug_abbrev  0x00001193      0x1f4 ./Generated_Code/CLS1.o
 .debug_abbrev  0x00001387      0x14f ./Generated_Code/Cpu.o
 .debug_abbrev  0x000014d6      0x17c ./Generated_Code/EE241.o
 .debug_abbrev  0x00001652       0x84 ./Generated_Code/FRTOS1.o
 .debug_abbrev  0x000016d6      0x1eb ./Generated_Code/GI2C1.o
 .debug_abbrev  0x000018c1      0x10d ./Generated_Code/PE_LDD.o
 .debug_abbrev  0x000019ce      0x169 ./Generated_Code/RTT1.o
 .debug_abbrev  0x00001b37      0x1f4 ./Generated_Code/SEGGER_RTT.o
 .debug_abbrev  0x00001d2b      0x1b6 ./Generated_Code/UTIL1.o
 .debug_abbrev  0x00001ee1       0xa4 ./Generated_Code/Vectors.o
 .debug_abbrev  0x00001f85       0xb1 ./Generated_Code/WAIT1.o
 .debug_abbrev  0x00002036      0x17c ./Generated_Code/heap_4.o
 .debug_abbrev  0x000021b2       0xc1 ./Generated_Code/list.o
 .debug_abbrev  0x00002273      0x10c ./Generated_Code/port.o
 .debug_abbrev  0x0000237f      0x1a6 ./Generated_Code/queue.o
 .debug_abbrev  0x00002525      0x23a ./Generated_Code/tasks.o

.debug_aranges  0x00000000      0xf00
 .debug_aranges
                0x00000000       0x60 ./Sources/Application.o
 .debug_aranges
                0x00000060       0x50 ./Sources/Events.o
 .debug_aranges
                0x000000b0       0x90 ./Sources/Shell.o
 .debug_aranges
                0x00000140       0x20 ./Sources/main.o
 .debug_aranges
                0x00000160       0x50 ./Project_Settings/Startup_Code/startup.o
 .debug_aranges
                0x000001b0       0x48 ./Generated_Code/AD1.o
 .debug_aranges
                0x000001f8       0x50 ./Generated_Code/AS1.o
 .debug_aranges
                0x00000248       0x60 ./Generated_Code/ASerialLdd1.o
 .debug_aranges
                0x000002a8       0x60 ./Generated_Code/AdcLdd1.o
 .debug_aranges
                0x00000308       0x40 ./Generated_Code/BitIoLdd1.o
 .debug_aranges
                0x00000348       0x40 ./Generated_Code/BitIoLdd2.o
 .debug_aranges
                0x00000388       0x40 ./Generated_Code/BitIoLdd3.o
 .debug_aranges
                0x000003c8       0x40 ./Generated_Code/BitIoLdd4.o
 .debug_aranges
                0x00000408       0x48 ./Generated_Code/CI2C1.o
 .debug_aranges
                0x00000450      0x130 ./Generated_Code/CLS1.o
 .debug_aranges
                0x00000580       0x38 ./Generated_Code/Cpu.o
 .debug_aranges
                0x000005b8       0x58 ./Generated_Code/EE241.o
 .debug_aranges
                0x00000610       0x30 ./Generated_Code/FRTOS1.o
 .debug_aranges
                0x00000640       0xc0 ./Generated_Code/GI2C1.o
 .debug_aranges
                0x00000700       0x30 ./Generated_Code/PE_LDD.o
 .debug_aranges
                0x00000730       0x58 ./Generated_Code/RTT1.o
 .debug_aranges
                0x00000788       0xe0 ./Generated_Code/SEGGER_RTT.o
 .debug_aranges
                0x00000868      0x248 ./Generated_Code/UTIL1.o
 .debug_aranges
                0x00000ab0       0x18 ./Generated_Code/Vectors.o
 .debug_aranges
                0x00000ac8       0x50 ./Generated_Code/WAIT1.o
 .debug_aranges
                0x00000b18       0x50 ./Generated_Code/heap_4.o
 .debug_aranges
                0x00000b68       0x40 ./Generated_Code/list.o
 .debug_aranges
                0x00000ba8       0x90 ./Generated_Code/port.o
 .debug_aranges
                0x00000c38      0x108 ./Generated_Code/queue.o
 .debug_aranges
                0x00000d40      0x1c0 ./Generated_Code/tasks.o

.debug_ranges   0x00000000      0xd18
 .debug_ranges  0x00000000       0x50 ./Sources/Application.o
 .debug_ranges  0x00000050       0x40 ./Sources/Events.o
 .debug_ranges  0x00000090       0x80 ./Sources/Shell.o
 .debug_ranges  0x00000110       0x10 ./Sources/main.o
 .debug_ranges  0x00000120       0x40 ./Project_Settings/Startup_Code/startup.o
 .debug_ranges  0x00000160       0x38 ./Generated_Code/AD1.o
 .debug_ranges  0x00000198       0x40 ./Generated_Code/AS1.o
 .debug_ranges  0x000001d8       0x50 ./Generated_Code/ASerialLdd1.o
 .debug_ranges  0x00000228       0x50 ./Generated_Code/AdcLdd1.o
 .debug_ranges  0x00000278       0x30 ./Generated_Code/BitIoLdd1.o
 .debug_ranges  0x000002a8       0x30 ./Generated_Code/BitIoLdd2.o
 .debug_ranges  0x000002d8       0x30 ./Generated_Code/BitIoLdd3.o
 .debug_ranges  0x00000308       0x30 ./Generated_Code/BitIoLdd4.o
 .debug_ranges  0x00000338       0x38 ./Generated_Code/CI2C1.o
 .debug_ranges  0x00000370      0x120 ./Generated_Code/CLS1.o
 .debug_ranges  0x00000490       0x28 ./Generated_Code/Cpu.o
 .debug_ranges  0x000004b8       0x48 ./Generated_Code/EE241.o
 .debug_ranges  0x00000500       0x20 ./Generated_Code/FRTOS1.o
 .debug_ranges  0x00000520       0xb0 ./Generated_Code/GI2C1.o
 .debug_ranges  0x000005d0       0x20 ./Generated_Code/PE_LDD.o
 .debug_ranges  0x000005f0       0x48 ./Generated_Code/RTT1.o
 .debug_ranges  0x00000638       0xd0 ./Generated_Code/SEGGER_RTT.o
 .debug_ranges  0x00000708      0x238 ./Generated_Code/UTIL1.o
 .debug_ranges  0x00000940       0x40 ./Generated_Code/WAIT1.o
 .debug_ranges  0x00000980       0x40 ./Generated_Code/heap_4.o
 .debug_ranges  0x000009c0       0x30 ./Generated_Code/list.o
 .debug_ranges  0x000009f0       0x80 ./Generated_Code/port.o
 .debug_ranges  0x00000a70       0xf8 ./Generated_Code/queue.o
 .debug_ranges  0x00000b68      0x1b0 ./Generated_Code/tasks.o

.debug_macro    0x00000000    0x1929c
 .debug_macro   0x00000000      0x371 ./Sources/Application.o
 .debug_macro   0x00000371      0x802 ./Sources/Application.o
 .debug_macro   0x00000b73      0x14e ./Sources/Application.o
 .debug_macro   0x00000cc1       0x5e ./Sources/Application.o
 .debug_macro   0x00000d1f       0x16 ./Sources/Application.o
 .debug_macro   0x00000d35       0x44 ./Sources/Application.o
 .debug_macro   0x00000d79      0x209 ./Sources/Application.o
 .debug_macro   0x00000f82     0x1599 ./Sources/Application.o
 .debug_macro   0x0000251b       0x64 ./Sources/Application.o
 .debug_macro   0x0000257f     0x6691 ./Sources/Application.o
 .debug_macro   0x00008c10       0x9a ./Sources/Application.o
 .debug_macro   0x00008caa       0x46 ./Sources/Application.o
 .debug_macro   0x00008cf0       0x40 ./Sources/Application.o
 .debug_macro   0x00008d30       0x16 ./Sources/Application.o
 .debug_macro   0x00008d46      0x166 ./Sources/Application.o
 .debug_macro   0x00008eac       0xd6 ./Sources/Application.o
 .debug_macro   0x00008f82      0x260 ./Sources/Application.o
 .debug_macro   0x000091e2      0x168 ./Sources/Application.o
 .debug_macro   0x0000934a       0xe2 ./Sources/Application.o
 .debug_macro   0x0000942c       0x10 ./Sources/Application.o
 .debug_macro   0x0000943c       0x1f ./Sources/Application.o
 .debug_macro   0x0000945b      0x36f ./Sources/Application.o
 .debug_macro   0x000097ca       0xc0 ./Sources/Application.o
 .debug_macro   0x0000988a       0x8c ./Sources/Application.o
 .debug_macro   0x00009916       0x37 ./Sources/Application.o
 .debug_macro   0x0000994d       0x65 ./Sources/Application.o
 .debug_macro   0x000099b2       0x11 ./Sources/Application.o
 .debug_macro   0x000099c3       0x58 ./Sources/Application.o
 .debug_macro   0x00009a1b       0x35 ./Sources/Application.o
 .debug_macro   0x00009a50       0xa3 ./Sources/Application.o
 .debug_macro   0x00009af3       0x52 ./Sources/Application.o
 .debug_macro   0x00009b45       0x16 ./Sources/Application.o
 .debug_macro   0x00009b5b       0x43 ./Sources/Application.o
 .debug_macro   0x00009b9e      0x180 ./Sources/Application.o
 .debug_macro   0x00009d1e      0x2a6 ./Sources/Application.o
 .debug_macro   0x00009fc4       0x10 ./Sources/Application.o
 .debug_macro   0x00009fd4       0x35 ./Sources/Application.o
 .debug_macro   0x0000a009       0x19 ./Sources/Application.o
 .debug_macro   0x0000a022       0x10 ./Sources/Application.o
 .debug_macro   0x0000a032       0x58 ./Sources/Application.o
 .debug_macro   0x0000a08a       0x1c ./Sources/Application.o
 .debug_macro   0x0000a0a6       0x29 ./Sources/Application.o
 .debug_macro   0x0000a0cf       0x66 ./Sources/Application.o
 .debug_macro   0x0000a135       0x94 ./Sources/Application.o
 .debug_macro   0x0000a1c9       0x7f ./Sources/Application.o
 .debug_macro   0x0000a248       0x97 ./Sources/Application.o
 .debug_macro   0x0000a2df       0x19 ./Sources/Application.o
 .debug_macro   0x0000a2f8      0x314 ./Sources/Application.o
 .debug_macro   0x0000a60c       0x94 ./Sources/Application.o
 .debug_macro   0x0000a6a0      0x12c ./Sources/Application.o
 .debug_macro   0x0000a7cc       0x40 ./Sources/Application.o
 .debug_macro   0x0000a80c       0x1f ./Sources/Application.o
 .debug_macro   0x0000a82b       0x46 ./Sources/Application.o
 .debug_macro   0x0000a871       0x1f ./Sources/Application.o
 .debug_macro   0x0000a890       0x46 ./Sources/Application.o
 .debug_macro   0x0000a8d6       0x1f ./Sources/Application.o
 .debug_macro   0x0000a8f5       0x46 ./Sources/Application.o
 .debug_macro   0x0000a93b       0x1f ./Sources/Application.o
 .debug_macro   0x0000a95a      0x61c ./Sources/Application.o
 .debug_macro   0x0000af76       0x7b ./Sources/Application.o
 .debug_macro   0x0000aff1       0x10 ./Sources/Application.o
 .debug_macro   0x0000b001      0x421 ./Sources/Events.o
 .debug_macro   0x0000b422       0x94 ./Sources/Events.o
 .debug_macro   0x0000b4b6      0x266 ./Sources/Events.o
 .debug_macro   0x0000b71c       0x64 ./Sources/Events.o
 .debug_macro   0x0000b780      0x115 ./Sources/Events.o
 .debug_macro   0x0000b895       0x5d ./Sources/Events.o
 .debug_macro   0x0000b8f2       0x43 ./Sources/Events.o
 .debug_macro   0x0000b935       0x6b ./Sources/Events.o
 .debug_macro   0x0000b9a0      0x338 ./Sources/Shell.o
 .debug_macro   0x0000bcd8       0x16 ./Sources/Shell.o
 .debug_macro   0x0000bcee       0x10 ./Sources/Shell.o
 .debug_macro   0x0000bcfe      0x433 ./Sources/main.o
 .debug_macro   0x0000c131      0x121 ./Project_Settings/Startup_Code/startup.o
 .debug_macro   0x0000c252       0x4a ./Project_Settings/Startup_Code/startup.o
 .debug_macro   0x0000c29c       0x16 ./Project_Settings/Startup_Code/startup.o
 .debug_macro   0x0000c2b2       0x22 ./Project_Settings/Startup_Code/startup.o
 .debug_macro   0x0000c2d4       0x10 ./Project_Settings/Startup_Code/startup.o
 .debug_macro   0x0000c2e4      0x20f ./Project_Settings/Startup_Code/startup.o
 .debug_macro   0x0000c4f3     0x6685 ./Project_Settings/Startup_Code/startup.o
 .debug_macro   0x00012b78      0x439 ./Generated_Code/AD1.o
 .debug_macro   0x00012fb1       0xdf ./Generated_Code/AS1.o
 .debug_macro   0x00013090       0x5f ./Generated_Code/AS1.o
 .debug_macro   0x000130ef      0x131 ./Generated_Code/ASerialLdd1.o
 .debug_macro   0x00013220     0x1593 ./Generated_Code/ASerialLdd1.o
 .debug_macro   0x000147b3       0x17 ./Generated_Code/ASerialLdd1.o
 .debug_macro   0x000147ca      0x2fd ./Generated_Code/ASerialLdd1.o
 .debug_macro   0x00014ac7      0x99c ./Generated_Code/ASerialLdd1.o
 .debug_macro   0x00015463      0x14b ./Generated_Code/AdcLdd1.o
 .debug_macro   0x000155ae      0x616 ./Generated_Code/AdcLdd1.o
 .debug_macro   0x00015bc4      0x11e ./Generated_Code/BitIoLdd1.o
 .debug_macro   0x00015ce2      0x11e ./Generated_Code/BitIoLdd2.o
 .debug_macro   0x00015e00      0x11e ./Generated_Code/BitIoLdd3.o
 .debug_macro   0x00015f1e      0x11e ./Generated_Code/BitIoLdd4.o
 .debug_macro   0x0001603c      0x2b4 ./Generated_Code/CI2C1.o
 .debug_macro   0x000162f0      0x4e4 ./Generated_Code/CI2C1.o
 .debug_macro   0x000167d4      0x295 ./Generated_Code/CI2C1.o
 .debug_macro   0x00016a69      0x282 ./Generated_Code/CLS1.o
 .debug_macro   0x00016ceb       0x8e ./Generated_Code/CLS1.o
 .debug_macro   0x00016d79      0x446 ./Generated_Code/Cpu.o
 .debug_macro   0x000171bf      0x312 ./Generated_Code/EE241.o
 .debug_macro   0x000174d1      0x223 ./Generated_Code/FRTOS1.o
 .debug_macro   0x000176f4       0x1c ./Generated_Code/FRTOS1.o
 .debug_macro   0x00017710      0x25a ./Generated_Code/GI2C1.o
 .debug_macro   0x0001796a      0x3cf ./Generated_Code/PE_LDD.o
 .debug_macro   0x00017d39      0x29b ./Generated_Code/RTT1.o
 .debug_macro   0x00017fd4      0x1a7 ./Generated_Code/SEGGER_RTT.o
 .debug_macro   0x0001817b      0x1aa ./Generated_Code/UTIL1.o
 .debug_macro   0x00018325      0x439 ./Generated_Code/Vectors.o
 .debug_macro   0x0001875e      0x127 ./Generated_Code/WAIT1.o
 .debug_macro   0x00018885      0x1c5 ./Generated_Code/heap_4.o
 .debug_macro   0x00018a4a      0x192 ./Generated_Code/list.o
 .debug_macro   0x00018bdc      0x20f ./Generated_Code/port.o
 .debug_macro   0x00018deb      0x21d ./Generated_Code/queue.o
 .debug_macro   0x00019008      0x284 ./Generated_Code/tasks.o
 .debug_macro   0x0001928c       0x10 ./Generated_Code/tasks.o

.debug_line     0x00000000     0xb102
 .debug_line    0x00000000      0x6a8 ./Sources/Application.o
 .debug_line    0x000006a8      0x684 ./Sources/Events.o
 .debug_line    0x00000d2c      0x696 ./Sources/Shell.o
 .debug_line    0x000013c2      0x638 ./Sources/main.o
 .debug_line    0x000019fa      0x3d0 ./Project_Settings/Startup_Code/startup.o
 .debug_line    0x00001dca      0x6e5 ./Generated_Code/AD1.o
 .debug_line    0x000024af      0x298 ./Generated_Code/AS1.o
 .debug_line    0x00002747      0x42a ./Generated_Code/ASerialLdd1.o
 .debug_line    0x00002b71      0x42d ./Generated_Code/AdcLdd1.o
 .debug_line    0x00002f9e      0x375 ./Generated_Code/BitIoLdd1.o
 .debug_line    0x00003313      0x375 ./Generated_Code/BitIoLdd2.o
 .debug_line    0x00003688      0x375 ./Generated_Code/BitIoLdd3.o
 .debug_line    0x000039fd      0x375 ./Generated_Code/BitIoLdd4.o
 .debug_line    0x00003d72      0x5de ./Generated_Code/CI2C1.o
 .debug_line    0x00004350      0x7ae ./Generated_Code/CLS1.o
 .debug_line    0x00004afe      0x7f7 ./Generated_Code/Cpu.o
 .debug_line    0x000052f5      0x60a ./Generated_Code/EE241.o
 .debug_line    0x000058ff      0x424 ./Generated_Code/FRTOS1.o
 .debug_line    0x00005d23      0x64c ./Generated_Code/GI2C1.o
 .debug_line    0x0000636f      0x616 ./Generated_Code/PE_LDD.o
 .debug_line    0x00006985      0x507 ./Generated_Code/RTT1.o
 .debug_line    0x00006e8c      0x6a0 ./Generated_Code/SEGGER_RTT.o
 .debug_line    0x0000752c      0xdbb ./Generated_Code/UTIL1.o
 .debug_line    0x000082e7      0x782 ./Generated_Code/Vectors.o
 .debug_line    0x00008a69      0x375 ./Generated_Code/WAIT1.o
 .debug_line    0x00008dde      0x44e ./Generated_Code/heap_4.o
 .debug_line    0x0000922c      0x3a5 ./Generated_Code/list.o
 .debug_line    0x000095d1      0x409 ./Generated_Code/port.o
 .debug_line    0x000099da      0x96a ./Generated_Code/queue.o
 .debug_line    0x0000a344      0xdbe ./Generated_Code/tasks.o

.debug_str      0x00000000    0x54a83
 .debug_str     0x00000000    0x3d6ec ./Sources/Application.o
                              0x3dbcc (size before relaxing)
 .debug_str     0x0003d6ec      0xf0a ./Sources/Events.o
                              0x3e97d (size before relaxing)
 .debug_str     0x0003e5f6      0x1ef ./Sources/Shell.o
                              0x3861a (size before relaxing)
 .debug_str     0x0003e7e5       0x17 ./Sources/main.o
                              0x3e925 (size before relaxing)
 .debug_str     0x0003e7fc      0x1a6 ./Project_Settings/Startup_Code/startup.o
                              0x27311 (size before relaxing)
 .debug_str     0x0003e9a2      0x13c ./Generated_Code/AD1.o
                              0x3ea18 (size before relaxing)
 .debug_str     0x0003eade      0x160 ./Generated_Code/AS1.o
                              0x2bf18 (size before relaxing)
 .debug_str     0x0003ec3e     0xaba4 ./Generated_Code/ASerialLdd1.o
                              0x3a8ea (size before relaxing)
 .debug_str     0x000497e2      0x356 ./Generated_Code/AdcLdd1.o
                              0x34dd8 (size before relaxing)
 .debug_str     0x00049b38       0xe4 ./Generated_Code/BitIoLdd1.o
                              0x305f6 (size before relaxing)
 .debug_str     0x00049c1c       0xa0 ./Generated_Code/BitIoLdd2.o
                              0x305f6 (size before relaxing)
 .debug_str     0x00049cbc       0xa0 ./Generated_Code/BitIoLdd3.o
                              0x305f6 (size before relaxing)
 .debug_str     0x00049d5c       0xa0 ./Generated_Code/BitIoLdd4.o
                              0x305f6 (size before relaxing)
 .debug_str     0x00049dfc     0x67f9 ./Generated_Code/CI2C1.o
                              0x3daea (size before relaxing)
 .debug_str     0x000505f5      0x79f ./Generated_Code/CLS1.o
                              0x33c1f (size before relaxing)
 .debug_str     0x00050d94      0x19c ./Generated_Code/Cpu.o
                              0x3ebb4 (size before relaxing)
 .debug_str     0x00050f30      0x1f7 ./Generated_Code/EE241.o
                              0x37a51 (size before relaxing)
 .debug_str     0x00051127       0xf4 ./Generated_Code/FRTOS1.o
                              0x36708 (size before relaxing)
 .debug_str     0x0005121b      0x281 ./Generated_Code/GI2C1.o
                              0x36f3a (size before relaxing)
 .debug_str     0x0005149c      0x177 ./Generated_Code/PE_LDD.o
                              0x3ea68 (size before relaxing)
 .debug_str     0x00051613       0xac ./Generated_Code/RTT1.o
                              0x34082 (size before relaxing)
 .debug_str     0x000516bf      0x478 ./Generated_Code/SEGGER_RTT.o
                              0x310a7 (size before relaxing)
 .debug_str     0x00051b37      0x82d ./Generated_Code/UTIL1.o
                              0x2ede5 (size before relaxing)
 .debug_str     0x00052364       0x1c ./Generated_Code/Vectors.o
                              0x3e906 (size before relaxing)
 .debug_str     0x00052380       0x9c ./Generated_Code/WAIT1.o
                              0x30736 (size before relaxing)
 .debug_str     0x0005241c      0x277 ./Generated_Code/heap_4.o
                              0x318b1 (size before relaxing)
 .debug_str     0x00052693      0x124 ./Generated_Code/list.o
                              0x311a5 (size before relaxing)
 .debug_str     0x000527b7      0x922 ./Generated_Code/port.o
                              0x30c68 (size before relaxing)
 .debug_str     0x000530d9      0x71b ./Generated_Code/queue.o
                              0x335d4 (size before relaxing)
 .debug_str     0x000537f4     0x128f ./Generated_Code/tasks.o
                              0x341dd (size before relaxing)

.comment        0x00000000       0x70
 .comment       0x00000000       0x70 ./Sources/Application.o
                                 0x71 (size before relaxing)
 .comment       0x00000000       0x71 ./Sources/Events.o
 .comment       0x00000000       0x71 ./Sources/Shell.o
 .comment       0x00000000       0x71 ./Sources/main.o
 .comment       0x00000000       0x71 ./Project_Settings/Startup_Code/startup.o
 .comment       0x00000000       0x71 ./Generated_Code/AD1.o
 .comment       0x00000000       0x71 ./Generated_Code/AS1.o
 .comment       0x00000000       0x71 ./Generated_Code/ASerialLdd1.o
 .comment       0x00000000       0x71 ./Generated_Code/AdcLdd1.o
 .comment       0x00000000       0x71 ./Generated_Code/BitIoLdd1.o
 .comment       0x00000000       0x71 ./Generated_Code/BitIoLdd2.o
 .comment       0x00000000       0x71 ./Generated_Code/BitIoLdd3.o
 .comment       0x00000000       0x71 ./Generated_Code/BitIoLdd4.o
 .comment       0x00000000       0x71 ./Generated_Code/CI2C1.o
 .comment       0x00000000       0x71 ./Generated_Code/CLS1.o
 .comment       0x00000000       0x71 ./Generated_Code/Cpu.o
 .comment       0x00000000       0x71 ./Generated_Code/EE241.o
 .comment       0x00000000       0x71 ./Generated_Code/FRTOS1.o
 .comment       0x00000000       0x71 ./Generated_Code/GI2C1.o
 .comment       0x00000000       0x71 ./Generated_Code/PE_LDD.o
 .comment       0x00000000       0x71 ./Generated_Code/RTT1.o
 .comment       0x00000000       0x71 ./Generated_Code/SEGGER_RTT.o
 .comment       0x00000000       0x71 ./Generated_Code/UTIL1.o
 .comment       0x00000000       0x71 ./Generated_Code/Vectors.o
 .comment       0x00000000       0x71 ./Generated_Code/WAIT1.o
 .comment       0x00000000       0x71 ./Generated_Code/heap_4.o
 .comment       0x00000000       0x71 ./Generated_Code/list.o
 .comment       0x00000000       0x71 ./Generated_Code/port.o
 .comment       0x00000000       0x71 ./Generated_Code/queue.o
 .comment       0x00000000       0x71 ./Generated_Code/tasks.o

.debug_frame    0x00000000     0x3278
 .debug_frame   0x00000000      0x130 ./Sources/Application.o
 .debug_frame   0x00000130       0xd8 ./Sources/Events.o
 .debug_frame   0x00000208      0x1e0 ./Sources/Shell.o
 .debug_frame   0x000003e8       0x2c ./Sources/main.o
 .debug_frame   0x00000414       0xd0 ./Project_Settings/Startup_Code/startup.o
 .debug_frame   0x000004e4       0xc8 ./Generated_Code/AD1.o
 .debug_frame   0x000005ac       0xe0 ./Generated_Code/AS1.o
 .debug_frame   0x0000068c      0x138 ./Generated_Code/ASerialLdd1.o
 .debug_frame   0x000007c4      0x130 ./Generated_Code/AdcLdd1.o
 .debug_frame   0x000008f4       0xb0 ./Generated_Code/BitIoLdd1.o
 .debug_frame   0x000009a4       0xb0 ./Generated_Code/BitIoLdd2.o
 .debug_frame   0x00000a54       0xb0 ./Generated_Code/BitIoLdd3.o
 .debug_frame   0x00000b04       0xb0 ./Generated_Code/BitIoLdd4.o
 .debug_frame   0x00000bb4       0xd0 ./Generated_Code/CI2C1.o
 .debug_frame   0x00000c84      0x458 ./Generated_Code/CLS1.o
 .debug_frame   0x000010dc       0x80 ./Generated_Code/Cpu.o
 .debug_frame   0x0000115c      0x110 ./Generated_Code/EE241.o
 .debug_frame   0x0000126c       0x64 ./Generated_Code/FRTOS1.o
 .debug_frame   0x000012d0      0x298 ./Generated_Code/GI2C1.o
 .debug_frame   0x00001568       0x6c ./Generated_Code/PE_LDD.o
 .debug_frame   0x000015d4      0x100 ./Generated_Code/RTT1.o
 .debug_frame   0x000016d4      0x32c ./Generated_Code/SEGGER_RTT.o
 .debug_frame   0x00001a00      0x8cc ./Generated_Code/UTIL1.o
 .debug_frame   0x000022cc       0xc8 ./Generated_Code/WAIT1.o
 .debug_frame   0x00002394       0xe4 ./Generated_Code/heap_4.o
 .debug_frame   0x00002478       0xb0 ./Generated_Code/list.o
 .debug_frame   0x00002528      0x1a4 ./Generated_Code/port.o
 .debug_frame   0x000026cc      0x3d0 ./Generated_Code/queue.o
 .debug_frame   0x00002a9c      0x698 ./Generated_Code/tasks.o
 .debug_frame   0x00003134       0x20 c:/freescale/kds_v3/toolchain/bin/../lib/gcc/arm-none-eabi/4.8.4/armv6-m\libgcc.a(_udivsi3.o)
 .debug_frame   0x00003154       0x20 c:/freescale/kds_v3/toolchain/bin/../lib/gcc/arm-none-eabi/4.8.4/armv6-m\libgcc.a(_divsi3.o)
 .debug_frame   0x00003174       0x28 c:/freescale/kds_v3/toolchain/bin/../lib/gcc/arm-none-eabi/4.8.4/../../../../arm-none-eabi/lib/armv6-m\libg_s.a(lib_a-exit.o)
 .debug_frame   0x0000319c       0x2c c:/freescale/kds_v3/toolchain/bin/../lib/gcc/arm-none-eabi/4.8.4/../../../../arm-none-eabi/lib/armv6-m\libg_s.a(lib_a-init.o)
 .debug_frame   0x000031c8       0x28 c:/freescale/kds_v3/toolchain/bin/../lib/gcc/arm-none-eabi/4.8.4/../../../../arm-none-eabi/lib/armv6-m\libg_s.a(lib_a-memcpy-stub.o)
 .debug_frame   0x000031f0       0x20 c:/freescale/kds_v3/toolchain/bin/../lib/gcc/arm-none-eabi/4.8.4/../../../../arm-none-eabi/lib/armv6-m\libg_s.a(lib_a-memset.o)
 .debug_frame   0x00003210       0x20 c:/freescale/kds_v3/toolchain/bin/../lib/gcc/arm-none-eabi/4.8.4/../../../../arm-none-eabi/lib/armv6-m\libg_s.a(lib_a-strlen.o)
 .debug_frame   0x00003230       0x28 c:/freescale/kds_v3/toolchain/bin/../lib/gcc/arm-none-eabi/4.8.4/../../../../arm-none-eabi/lib/armv6-m\libg_s.a(lib_a-strncmp.o)
 .debug_frame   0x00003258       0x20 c:/freescale/kds_v3/toolchain/bin/../lib/gcc/arm-none-eabi/4.8.4/../../../../arm-none-eabi/lib/armv6-m\libnosys.a(_exit.o)
